[DataFeed] 已获取 1600 只行情, 进度 1600/7067
[DataFeed] 已获取 3200 只行情, 进度 3200/7067
[DataFeed] 已获取 4800 只行情, 进度 4800/7067
[DataFeed] 已获取 6400 只行情, 进度 6400/7067
[DataFeed] 已获取 1600 只行情, 进度 1600/7067
[DataFeed] 已获取 3200 只行情, 进度 3200/7067
[DataFeed] 已获取 4800 只行情, 进度 4800/7067
[DataFeed] 已获取 6400 只行情, 进度 6400/7067
[策略] 市场状态: 情绪正常，涨跌比47.5%
[策略] 初筛候选股: 50只
[账户] 已加载状态，现金: 1,000,000.00，持仓: 0
📊 【15:01 扫描摘要】
大盘环境：1分（防守模式）
无触发信号，继续空仓观察。
─────────────────────

📋 【全天总结】
今日涨跌比：47.5%
涨停家数：103 | 跌停家数：17
账户总资产：¥1,000,000.00
当日盈亏：¥+0.00 (+0.00%)

📝 次日策略：市场偏弱，控制仓位在半仓以下，优选防御板块。
[DataFeed] 已获取 1600 只行情, 进度 1600/7067
[DataFeed] 已获取 3200 只行情, 进度 3200/7067
[DataFeed] 已获取 4800 只行情, 进度 4800/7067
[DataFeed] 已获取 6400 只行情, 进度 6400/7067
[DataFeed] 已获取 1600 只行情, 进度 1600/7067
[DataFeed] 已获取 3200 只行情, 进度 3200/7067
[DataFeed] 已获取 4800 只行情, 进度 4800/7067
[DataFeed] 已获取 6400 只行情, 进度 6400/7067
[策略] 市场状态: 涨跌家比22.6%，情绪弱，不主动
[账户] 已加载状态，现金: 1,000,000.00，持仓: 0
📊 【10:01 扫描摘要】
大盘环境：0分（恐慌模式）
无触发信号，继续空仓观察。
─────────────────────
[DataFeed] 已获取 1600 只行情, 进度 1600/7067
[DataFeed] 已获取 3200 只行情, 进度 3200/7067
[DataFeed] 已获取 4800 只行情, 进度 4800/7067
[DataFeed] 已获取 6400 只行情, 进度 6400/7067
[DataFeed] 已获取 1600 只行情, 进度 1600/7067
[DataFeed] 已获取 3200 只行情, 进度 3200/7067
[DataFeed] 已获取 4800 只行情, 进度 4800/7067
[DataFeed] 已获取 6400 只行情, 进度 6400/7067
[策略] 市场状态: 跌停家数32，市场恐慌，观望
[账户] 已加载状态，现金: 1,000,000.00，持仓: 0
📊 【11:01 扫描摘要】
大盘环境：0分（恐慌模式）
无触发信号，继续空仓观察。
─────────────────────
[DataFeed] 已获取 1600 只行情, 进度 1600/7067
[DataFeed] 已获取 3200 只行情, 进度 3200/7067
[DataFeed] 已获取 4800 只行情, 进度 4800/7067
[DataFeed] 已获取 6400 只行情, 进度 6400/7067
[DataFeed] 已获取 1600 只行情, 进度 1600/7067
[DataFeed] 已获取 3200 只行情, 进度 3200/7067
[DataFeed] 已获取 4800 只行情, 进度 4800/7067
[DataFeed] 已获取 6400 只行情, 进度 6400/7067
[策略] 市场状态: 跌停家数37，市场恐慌，观望
[账户] 已加载状态，现金: 1,000,000.00，持仓: 0
📊 【14:01 扫描摘要】
大盘环境：0分（恐慌模式）
无触发信号，继续空仓观察。
─────────────────────
[DataFeed] 已获取 1600 只行情, 进度 1600/7067
[DataFeed] 已获取 3200 只行情, 进度 3200/7067
[DataFeed] 已获取 4800 只行情, 进度 4800/7067
[DataFeed] 已获取 6400 只行情, 进度 6400/7067
[DataFeed] 已获取 1600 只行情, 进度 1600/7067
[DataFeed] 已获取 3200 只行情, 进度 3200/7067
[DataFeed] 已获取 4800 只行情, 进度 4800/7067
[DataFeed] 已获取 6400 只行情, 进度 6400/7067
[策略] 市场状态: 跌停家数46，市场恐慌，观望
[账户] 已加载状态，现金: 1,000,000.00，持仓: 0
📊 【15:00 扫描摘要】
大盘环境：0分（恐慌模式）
无触发信号，继续空仓观察。
─────────────────────

📋 【全天总结】
今日涨跌比：24.5%
涨停家数：76 | 跌停家数：46
账户总资产：¥1,000,000.00
当日盈亏：¥+0.00 (+0.00%)

📝 次日策略：市场恐慌，建议空仓或极轻仓观望，等待情绪修复。
[DataFeed] 已获取 1600 只行情, 进度 1600/7067
[DataFeed] 已获取 3200 只行情, 进度 3200/7067
[DataFeed] 已获取 4800 只行情, 进度 4800/7067
[DataFeed] 已获取 6400 只行情, 进度 6400/7067
[DataFeed] 已获取 1600 只行情, 进度 1600/7067
[DataFeed] 已获取 3200 只行情, 进度 3200/7067
[DataFeed] 已获取 4800 只行情, 进度 4800/7067
[DataFeed] 已获取 6400 只行情, 进度 6400/7067
[策略] 市场状态: 跌停家数45，市场恐慌，观望
[账户] 已加载状态，现金: 1,000,000.00，持仓: 0
📊 【10:00 扫描摘要】
大盘环境：0分（恐慌模式）
无触发信号，继续空仓观察。
─────────────────────
[DataFeed] 已获取 1600 只行情, 进度 1600/7067
[DataFeed] 已获取 3200 只行情, 进度 3200/7067
[DataFeed] 已获取 4800 只行情, 进度 4800/7067
[DataFeed] 已获取 6400 只行情, 进度 6400/7067
[DataFeed] 已获取 1600 只行情, 进度 1600/7067
[DataFeed] 已获取 3200 只行情, 进度 3200/7067
[DataFeed] 已获取 4800 只行情, 进度 4800/7067
[DataFeed] 已获取 6400 只行情, 进度 6400/7067
[策略] 市场状态: 跌停家数37，市场恐慌，观望
[账户] 已加载状态，现金: 1,000,000.00，持仓: 0
📊 【11:00 扫描摘要】
大盘环境：0分（恐慌模式）
无触发信号，继续空仓观察。
─────────────────────
[DataFeed] 已获取 1600 只行情, 进度 1600/7067
[DataFeed] 已获取 3200 只行情, 进度 3200/7067
[DataFeed] 已获取 4800 只行情, 进度 4800/7067
[DataFeed] 已获取 6400 只行情, 进度 6400/7067
[DataFeed] 已获取 1600 只行情, 进度 1600/7067
[DataFeed] 已获取 3200 只行情, 进度 3200/7067
[DataFeed] 已获取 4800 只行情, 进度 4800/7067
[DataFeed] 已获取 6400 只行情, 进度 6400/7067
[策略] 市场状态: 跌停家数51，市场恐慌，观望
[账户] 已加载状态，现金: 1,000,000.00，持仓: 0
📊 【14:00 扫描摘要】
大盘环境：0分（恐慌模式）
无触发信号，继续空仓观察。
─────────────────────
[DataFeed] 已获取 1600 只行情, 进度 1600/7067
[DataFeed] 已获取 3200 只行情, 进度 3200/7067
[DataFeed] 已获取 4800 只行情, 进度 4800/7067
[DataFeed] 已获取 6400 只行情, 进度 6400/7067
[DataFeed] 已获取 1600 只行情, 进度 1600/7067
[DataFeed] 已获取 3200 只行情, 进度 3200/7067
[DataFeed] 已获取 4800 只行情, 进度 4800/7067
[DataFeed] 已获取 6400 只行情, 进度 6400/7067
[策略] 市场状态: 跌停家数58，市场恐慌，观望
[账户] 已加载状态，现金: 1,000,000.00，持仓: 0
📊 【15:00 扫描摘要】
大盘环境：0分（恐慌模式）
无触发信号，继续空仓观察。
─────────────────────

📋 【全天总结】
今日涨跌比：35.9%
涨停家数：93 | 跌停家数：58
账户总资产：¥1,000,000.00
当日盈亏：¥+0.00 (+0.00%)

📝 次日策略：市场恐慌，建议空仓或极轻仓观望，等待情绪修复。
[DataFeed] 已获取 1600 只行情, 进度 1600/7067
[DataFeed] 已获取 3200 只行情, 进度 3200/7067
[DataFeed] 已获取 4800 只行情, 进度 4800/7067
[DataFeed] 已获取 6400 只行情, 进度 6400/7067
[DataFeed] 已获取 1600 只行情, 进度 1600/7067
[DataFeed] 已获取 3200 只行情, 进度 3200/7067
[DataFeed] 已获取 4800 只行情, 进度 4800/7067
[DataFeed] 已获取 6400 只行情, 进度 6400/7067
[策略] 市场状态: 跌停家数58，市场恐慌，观望
[账户] 已加载状态，现金: 1,000,000.00，持仓: 0
📊 【19:04 扫描摘要】
大盘环境：0分（恐慌模式）
无触发信号，继续空仓观察。
─────────────────────

📋 【全天总结】
今日涨跌比：35.9%
涨停家数：93 | 跌停家数：58
账户总资产：¥1,000,000.00
当日盈亏：¥+0.00 (+0.00%)

📝 次日策略：市场恐慌，建议空仓或极轻仓观望，等待情绪修复。
[策略] 市场状态: 跌停家数58，市场恐慌，观望
[账户] 已加载状态，现金: 1,000,000.00，持仓: 0
📊 【19:34 扫描摘要】
大盘环境：0分（恐慌模式）
无触发信号，继续空仓观察。
─────────────────────

📋 【全天总结】
今日涨跌比：35.9%
涨停家数：93 | 跌停家数：58
账户总资产：¥1,000,000.00
当日盈亏：¥+0.00 (+0.00%)

📝 次日策略：市场恐慌，建议空仓或极轻仓观望，等待情绪修复。
[策略] 市场状态: 跌停家数58，市场恐慌，观望
[账户] 已加载状态，现金: 1,000,000.00，持仓: 0
📊 【08:01 扫描摘要】
大盘环境：0分（恐慌模式）
无触发信号，继续空仓观察。
─────────────────────
