[账户] 已加载状态，现金: 1,000,000.00，持仓: 0
[执行器] 每日报告已发送，今日盈亏: ¥+0.00
[自进化] 当前胜率: 0.0%
[账户] 已加载状态，现金: 1,000,000.00，持仓: 0
[Webhook已禁用] 消息不推送: 🤑 **2026-04-23 模拟账户日报** 🎉

**资金概况**
>总资产: ¥1,000,0...
[执行器] 每日报告已发送，今日盈亏: ¥+0.00
[自进化] 当前胜率: 0.0%
[账户] 已加载状态，现金: 1,000,000.00，持仓: 0
🤑 **2026-04-24 模拟账户日报** 🎉

**资金概况**
>总资产: ¥1,000,000.00
>可用现金: ¥1,000,000.00
>累计盈亏: ¥0.00 (+0.00%)
>今日盈亏: ¥+0.00

**当前持仓** (0只)
当前空仓

**今日成交** (0笔)
今日无成交

[执行器] 每日报告已发送，今日盈亏: ¥+0.00
[自进化] 当前胜率: 0.0%
[账户] 已加载状态，现金: 1,000,000.00，持仓: 0
🤑 **2026-04-24 模拟账户日报** 🎉

**资金概况**
>总资产: ¥1,000,000.00
>可用现金: ¥1,000,000.00
>累计盈亏: ¥0.00 (+0.00%)
>今日盈亏: ¥+0.00

**当前持仓** (0只)
当前空仓

**今日成交** (0笔)
今日无成交

[执行器] 每日报告已发送，今日盈亏: ¥+0.00
[自进化] 当前胜率: 0.0%
[账户] 已加载状态，现金: 1,000,000.00，持仓: 0
🤑 **2026-04-25 模拟账户日报** 🎉

**资金概况**
>累计股本: ¥1,000,000.00
>其中扩充: ¥0.00
>总资产: ¥1,000,000.00
>可用现金: ¥1,000,000.00
>总账户盈亏: ¥0.00 (+0.00%)
>今日盈亏: ¥+0.00
>单票固定买入额: ¥100,000.00

**当前持仓（重点看个股盈亏比）** (0只)
当前空仓

**今日成交** (0笔)
今日无成交

[执行器] 每日报告已发送，今日盈亏: ¥+0.00
[自进化] 当前胜率: 0.0%
