[账户] 已加载状态，现金: 1,000,000.00，持仓: 0

============================================================
[执行器] 2026-04-22 09:00:32 开始扫描
[执行器] 当前策略版本: v1
============================================================
[DataFeed] 已获取 1600 只行情, 进度 1600/7067
[DataFeed] 已获取 3200 只行情, 进度 3200/7067
[DataFeed] 已获取 4800 只行情, 进度 4800/7067
[DataFeed] 已获取 6400 只行情, 进度 6400/7067
[策略] 市场状态: 涨跌家比36.1%，情绪弱，不主动
[执行器] 检测到 0 个买入信号
[执行器] 扫描完成，总资产: ¥1,000,000.00
[账户] 已加载状态，现金: 1,000,000.00，持仓: 0

============================================================
[执行器] 2026-04-22 09:05:53 开始扫描
[执行器] 当前策略版本: v1
============================================================
[DataFeed] 已获取 1600 只行情, 进度 1600/7067
[DataFeed] 已获取 3200 只行情, 进度 3200/7067
[DataFeed] 已获取 4800 只行情, 进度 4800/7067
[DataFeed] 已获取 6400 只行情, 进度 6400/7067
[策略] 市场状态: 涨跌家比36.1%，情绪弱，不主动
[执行器] 检测到 0 个买入信号
[执行器] 扫描完成，总资产: ¥1,000,000.00
[账户] 已加载状态，现金: 1,000,000.00，持仓: 0

============================================================
[执行器] 2026-04-22 09:10:13 开始扫描
[执行器] 当前策略版本: v1
============================================================
[DataFeed] 已获取 1600 只行情, 进度 1600/7067
[DataFeed] 已获取 3200 只行情, 进度 3200/7067
[DataFeed] 已获取 4800 只行情, 进度 4800/7067
[DataFeed] 已获取 6400 只行情, 进度 6400/7067
[策略] 市场状态: 涨跌家比0.0%，情绪弱，不主动
[执行器] 检测到 0 个买入信号
[执行器] 扫描完成，总资产: ¥1,000,000.00
[账户] 已加载状态，现金: 1,000,000.00，持仓: 0

============================================================
[执行器] 2026-04-22 09:15:34 开始扫描
[执行器] 当前策略版本: v1
============================================================
[DataFeed] 已获取 1600 只行情, 进度 1600/7067
[DataFeed] 已获取 3200 只行情, 进度 3200/7067
[DataFeed] 已获取 4800 只行情, 进度 4800/7067
[DataFeed] 已获取 6400 只行情, 进度 6400/7067
[策略] 市场状态: 跌停家数92，市场恐慌，观望
[执行器] 检测到 0 个买入信号
[执行器] 扫描完成，总资产: ¥1,000,000.00
[账户] 已加载状态，现金: 1,000,000.00，持仓: 0

============================================================
[执行器] 2026-04-22 09:20:55 开始扫描
[执行器] 当前策略版本: v1
============================================================
[DataFeed] 已获取 1600 只行情, 进度 1600/7067
[DataFeed] 已获取 3200 只行情, 进度 3200/7067
[DataFeed] 已获取 4800 只行情, 进度 4800/7067
[DataFeed] 已获取 6400 只行情, 进度 6400/7067
[策略] 市场状态: 跌停家数43，市场恐慌，观望
[执行器] 检测到 0 个买入信号
[执行器] 扫描完成，总资产: ¥1,000,000.00
[账户] 已加载状态，现金: 1,000,000.00，持仓: 0

============================================================
[执行器] 2026-04-22 09:25:15 开始扫描
[执行器] 当前策略版本: v1
============================================================
[DataFeed] 已获取 1600 只行情, 进度 1600/7067
[DataFeed] 已获取 3200 只行情, 进度 3200/7067
[DataFeed] 已获取 4800 只行情, 进度 4800/7067
[DataFeed] 已获取 6400 只行情, 进度 6400/7067
[策略] 市场状态: 涨跌家比18.6%，情绪弱，不主动
[执行器] 检测到 0 个买入信号
[执行器] 扫描完成，总资产: ¥1,000,000.00
[账户] 已加载状态，现金: 1,000,000.00，持仓: 0

============================================================
[执行器] 2026-04-22 09:30:38 开始扫描
[执行器] 当前策略版本: v1
============================================================
[DataFeed] 已获取 1600 只行情, 进度 1600/7067
[DataFeed] 已获取 3200 只行情, 进度 3200/7067
[DataFeed] 已获取 4800 只行情, 进度 4800/7067
[DataFeed] 已获取 6400 只行情, 进度 6400/7067
[策略] 市场状态: 涨跌家比19.3%，情绪弱，不主动
[执行器] 检测到 0 个买入信号
[执行器] 扫描完成，总资产: ¥1,000,000.00
[账户] 已加载状态，现金: 1,000,000.00，持仓: 0

============================================================
[执行器] 2026-04-22 09:35:19 开始扫描
[执行器] 当前策略版本: v1
============================================================
[DataFeed] 已获取 1600 只行情, 进度 1600/7067
[DataFeed] 已获取 3200 只行情, 进度 3200/7067
[DataFeed] 已获取 4800 只行情, 进度 4800/7067
[DataFeed] 已获取 6400 只行情, 进度 6400/7067
[策略] 市场状态: 涨跌家比27.2%，情绪弱，不主动
[执行器] 检测到 0 个买入信号
[执行器] 扫描完成，总资产: ¥1,000,000.00
[账户] 已加载状态，现金: 1,000,000.00，持仓: 0

============================================================
[执行器] 2026-04-22 09:40:38 开始扫描
[执行器] 当前策略版本: v1
============================================================
[DataFeed] 已获取 1600 只行情, 进度 1600/7067
[DataFeed] 已获取 3200 只行情, 进度 3200/7067
[DataFeed] 已获取 4800 只行情, 进度 4800/7067
[DataFeed] 已获取 6400 只行情, 进度 6400/7067
[策略] 市场状态: 涨跌家比29.7%，情绪弱，不主动
[执行器] 检测到 0 个买入信号
[执行器] 扫描完成，总资产: ¥1,000,000.00
[账户] 已加载状态，现金: 1,000,000.00，持仓: 0

============================================================
[执行器] 2026-04-22 09:45:57 开始扫描
[执行器] 当前策略版本: v1
============================================================
[DataFeed] 已获取 1600 只行情, 进度 1600/7067
[DataFeed] 已获取 3200 只行情, 进度 3200/7067
[DataFeed] 已获取 4800 只行情, 进度 4800/7067
[DataFeed] 已获取 6400 只行情, 进度 6400/7067
[策略] 市场状态: 涨跌家比38.1%，情绪弱，不主动
[执行器] 检测到 0 个买入信号
[执行器] 扫描完成，总资产: ¥1,000,000.00
[账户] 已加载状态，现金: 1,000,000.00，持仓: 0

============================================================
[执行器] 2026-04-22 09:50:17 开始扫描
[执行器] 当前策略版本: v1
============================================================
[DataFeed] 已获取 1600 只行情, 进度 1600/7067
[DataFeed] 已获取 3200 只行情, 进度 3200/7067
[DataFeed] 已获取 4800 只行情, 进度 4800/7067
[DataFeed] 已获取 6400 只行情, 进度 6400/7067
[策略] 市场状态: 涨跌家比32.7%，情绪弱，不主动
[执行器] 检测到 0 个买入信号
[执行器] 扫描完成，总资产: ¥1,000,000.00
[账户] 已加载状态，现金: 1,000,000.00，持仓: 0

============================================================
[执行器] 2026-04-22 09:55:38 开始扫描
[执行器] 当前策略版本: v1
============================================================
[DataFeed] 已获取 1600 只行情, 进度 1600/7067
[DataFeed] 已获取 3200 只行情, 进度 3200/7067
[DataFeed] 已获取 4800 只行情, 进度 4800/7067
[DataFeed] 已获取 6400 只行情, 进度 6400/7067
[策略] 市场状态: 涨跌家比30.5%，情绪弱，不主动
[执行器] 检测到 0 个买入信号
[执行器] 扫描完成，总资产: ¥1,000,000.00
[账户] 已加载状态，现金: 1,000,000.00，持仓: 0

============================================================
[执行器] 2026-04-22 10:00:59 开始扫描
[执行器] 当前策略版本: v1
============================================================
[DataFeed] 已获取 1600 只行情, 进度 1600/7067
[DataFeed] 已获取 3200 只行情, 进度 3200/7067
[DataFeed] 已获取 4800 只行情, 进度 4800/7067
[DataFeed] 已获取 6400 只行情, 进度 6400/7067
[策略] 市场状态: 涨跌家比30.1%，情绪弱，不主动
[执行器] 检测到 0 个买入信号
[执行器] 扫描完成，总资产: ¥1,000,000.00
[账户] 已加载状态，现金: 1,000,000.00，持仓: 0

============================================================
[执行器] 2026-04-22 10:05:20 开始扫描
[执行器] 当前策略版本: v1
============================================================
[DataFeed] 已获取 1600 只行情, 进度 1600/7067
[DataFeed] 已获取 3200 只行情, 进度 3200/7067
[DataFeed] 已获取 4800 只行情, 进度 4800/7067
[DataFeed] 已获取 6400 只行情, 进度 6400/7067
[策略] 市场状态: 涨跌家比26.6%，情绪弱，不主动
[执行器] 检测到 0 个买入信号
[执行器] 扫描完成，总资产: ¥1,000,000.00
[账户] 已加载状态，现金: 1,000,000.00，持仓: 0

============================================================
[执行器] 2026-04-22 10:10:42 开始扫描
[执行器] 当前策略版本: v1
============================================================
[DataFeed] 已获取 1600 只行情, 进度 1600/7067
[DataFeed] 已获取 3200 只行情, 进度 3200/7067
[DataFeed] 已获取 4800 只行情, 进度 4800/7067
[DataFeed] 已获取 6400 只行情, 进度 6400/7067
[策略] 市场状态: 涨跌家比31.9%，情绪弱，不主动
[执行器] 检测到 0 个买入信号
[执行器] 扫描完成，总资产: ¥1,000,000.00
[账户] 已加载状态，现金: 1,000,000.00，持仓: 0

============================================================
[执行器] 2026-04-22 10:15:06 开始扫描
[执行器] 当前策略版本: v1
============================================================
[DataFeed] 已获取 1600 只行情, 进度 1600/7067
[DataFeed] 已获取 3200 只行情, 进度 3200/7067
[DataFeed] 已获取 4800 只行情, 进度 4800/7067
[DataFeed] 已获取 6400 只行情, 进度 6400/7067
[策略] 市场状态: 涨跌家比34.4%，情绪弱，不主动
[执行器] 检测到 0 个买入信号
[执行器] 扫描完成，总资产: ¥1,000,000.00
[账户] 已加载状态，现金: 1,000,000.00，持仓: 0

============================================================
[执行器] 2026-04-22 10:20:36 开始扫描
[执行器] 当前策略版本: v1
============================================================
[DataFeed] 已获取 1600 只行情, 进度 1600/7067
[DataFeed] 已获取 3200 只行情, 进度 3200/7067
[DataFeed] 已获取 4800 只行情, 进度 4800/7067
[DataFeed] 已获取 6400 只行情, 进度 6400/7067
[策略] 市场状态: 涨跌家比35.5%，情绪弱，不主动
[执行器] 检测到 0 个买入信号
[执行器] 扫描完成，总资产: ¥1,000,000.00
[账户] 已加载状态，现金: 1,000,000.00，持仓: 0

============================================================
[执行器] 2026-04-22 10:25:29 开始扫描
[执行器] 当前策略版本: v1
============================================================
[DataFeed] 已获取 1600 只行情, 进度 1600/7067
[DataFeed] 已获取 3200 只行情, 进度 3200/7067
[DataFeed] 已获取 4800 只行情, 进度 4800/7067
[DataFeed] 已获取 6400 只行情, 进度 6400/7067
[策略] 市场状态: 涨跌家比35.5%，情绪弱，不主动
[执行器] 检测到 0 个买入信号
[执行器] 扫描完成，总资产: ¥1,000,000.00
[账户] 已加载状态，现金: 1,000,000.00，持仓: 0

============================================================
[执行器] 2026-04-22 10:30:53 开始扫描
[执行器] 当前策略版本: v1
============================================================
[DataFeed] 已获取 1600 只行情, 进度 1600/7067
[DataFeed] 已获取 3200 只行情, 进度 3200/7067
[DataFeed] 已获取 4800 只行情, 进度 4800/7067
[DataFeed] 已获取 6400 只行情, 进度 6400/7067
[策略] 市场状态: 涨跌家比36.1%，情绪弱，不主动
[执行器] 检测到 0 个买入信号
[执行器] 扫描完成，总资产: ¥1,000,000.00
[账户] 已加载状态，现金: 1,000,000.00，持仓: 0

============================================================
[执行器] 2026-04-22 10:35:16 开始扫描
[执行器] 当前策略版本: v1
============================================================
[DataFeed] 已获取 1600 只行情, 进度 1600/7067
[DataFeed] 已获取 3200 只行情, 进度 3200/7067
[DataFeed] 已获取 4800 只行情, 进度 4800/7067
[DataFeed] 已获取 6400 只行情, 进度 6400/7067
[策略] 市场状态: 涨跌家比34.3%，情绪弱，不主动
[执行器] 检测到 0 个买入信号
[执行器] 扫描完成，总资产: ¥1,000,000.00
[账户] 已加载状态，现金: 1,000,000.00，持仓: 0

============================================================
[执行器] 2026-04-22 10:40:36 开始扫描
[执行器] 当前策略版本: v1
============================================================
[DataFeed] 已获取 1600 只行情, 进度 1600/7067
[DataFeed] 已获取 3200 只行情, 进度 3200/7067
[DataFeed] 已获取 4800 只行情, 进度 4800/7067
[DataFeed] 已获取 6400 只行情, 进度 6400/7067
[策略] 市场状态: 涨跌家比34.4%，情绪弱，不主动
[执行器] 检测到 0 个买入信号
[执行器] 扫描完成，总资产: ¥1,000,000.00
[账户] 已加载状态，现金: 1,000,000.00，持仓: 0

============================================================
[执行器] 2026-04-22 10:45:57 开始扫描
[执行器] 当前策略版本: v1
============================================================
[DataFeed] 已获取 1600 只行情, 进度 1600/7067
[DataFeed] 已获取 3200 只行情, 进度 3200/7067
[DataFeed] 已获取 4800 只行情, 进度 4800/7067
[DataFeed] 已获取 6400 只行情, 进度 6400/7067
[策略] 市场状态: 涨跌家比35.1%，情绪弱，不主动
[执行器] 检测到 0 个买入信号
[执行器] 扫描完成，总资产: ¥1,000,000.00
[账户] 已加载状态，现金: 1,000,000.00，持仓: 0

============================================================
[执行器] 2026-04-22 10:50:21 开始扫描
[执行器] 当前策略版本: v1
============================================================
[DataFeed] 已获取 1600 只行情, 进度 1600/7067
[DataFeed] 已获取 3200 只行情, 进度 3200/7067
[DataFeed] 已获取 4800 只行情, 进度 4800/7067
[DataFeed] 已获取 6400 只行情, 进度 6400/7067
[策略] 市场状态: 涨跌家比36.3%，情绪弱，不主动
[执行器] 检测到 0 个买入信号
[执行器] 扫描完成，总资产: ¥1,000,000.00
[账户] 已加载状态，现金: 1,000,000.00，持仓: 0

============================================================
[执行器] 2026-04-22 10:55:49 开始扫描
[执行器] 当前策略版本: v1
============================================================
[DataFeed] 已获取 1600 只行情, 进度 1600/7067
[DataFeed] 已获取 3200 只行情, 进度 3200/7067
[DataFeed] 已获取 4800 只行情, 进度 4800/7067
[DataFeed] 已获取 6400 只行情, 进度 6400/7067
[策略] 市场状态: 涨跌家比37.0%，情绪弱，不主动
[执行器] 检测到 0 个买入信号
[执行器] 扫描完成，总资产: ¥1,000,000.00
[账户] 已加载状态，现金: 1,000,000.00，持仓: 0

============================================================
[执行器] 2026-04-22 11:00:09 开始扫描
[执行器] 当前策略版本: v1
============================================================
[DataFeed] 已获取 1600 只行情, 进度 1600/7067
[DataFeed] 已获取 3200 只行情, 进度 3200/7067
[DataFeed] 已获取 4800 只行情, 进度 4800/7067
[DataFeed] 已获取 6400 只行情, 进度 6400/7067
[策略] 市场状态: 涨跌家比37.5%，情绪弱，不主动
[执行器] 检测到 0 个买入信号
[执行器] 扫描完成，总资产: ¥1,000,000.00
[账户] 已加载状态，现金: 1,000,000.00，持仓: 0

============================================================
[执行器] 2026-04-22 11:05:31 开始扫描
[执行器] 当前策略版本: v1
============================================================
[DataFeed] 已获取 1600 只行情, 进度 1600/7067
[DataFeed] 已获取 3200 只行情, 进度 3200/7067
[DataFeed] 已获取 4800 只行情, 进度 4800/7067
[DataFeed] 已获取 6400 只行情, 进度 6400/7067
[策略] 市场状态: 涨跌家比38.6%，情绪弱，不主动
[执行器] 检测到 0 个买入信号
[执行器] 扫描完成，总资产: ¥1,000,000.00
[账户] 已加载状态，现金: 1,000,000.00，持仓: 0

============================================================
[执行器] 2026-04-22 11:11:02 开始扫描
[执行器] 当前策略版本: v1
============================================================
[DataFeed] 已获取 1600 只行情, 进度 1600/7067
[DataFeed] 已获取 3200 只行情, 进度 3200/7067
[DataFeed] 已获取 4800 只行情, 进度 4800/7067
[DataFeed] 已获取 6400 只行情, 进度 6400/7067
[策略] 市场状态: 涨跌家比37.7%，情绪弱，不主动
[执行器] 检测到 0 个买入信号
[执行器] 扫描完成，总资产: ¥1,000,000.00
[账户] 已加载状态，现金: 1,000,000.00，持仓: 0

============================================================
[执行器] 2026-04-22 11:15:28 开始扫描
[执行器] 当前策略版本: v1
============================================================
[DataFeed] 已获取 1600 只行情, 进度 1600/7067
[DataFeed] 已获取 3200 只行情, 进度 3200/7067
[DataFeed] 已获取 4800 只行情, 进度 4800/7067
[DataFeed] 已获取 6400 只行情, 进度 6400/7067
[策略] 市场状态: 涨跌家比38.7%，情绪弱，不主动
[执行器] 检测到 0 个买入信号
[执行器] 扫描完成，总资产: ¥1,000,000.00
[账户] 已加载状态，现金: 1,000,000.00，持仓: 0

============================================================
[执行器] 2026-04-22 11:21:04 开始扫描
[执行器] 当前策略版本: v1
============================================================
[DataFeed] 已获取 1600 只行情, 进度 1600/7067
[DataFeed] 已获取 3200 只行情, 进度 3200/7067
[DataFeed] 已获取 4800 只行情, 进度 4800/7067
[DataFeed] 已获取 6400 只行情, 进度 6400/7067
[策略] 市场状态: 涨跌家比38.3%，情绪弱，不主动
[执行器] 检测到 0 个买入信号
[执行器] 扫描完成，总资产: ¥1,000,000.00
[账户] 已加载状态，现金: 1,000,000.00，持仓: 0

============================================================
[执行器] 2026-04-22 11:25:30 开始扫描
[执行器] 当前策略版本: v1
============================================================
[DataFeed] 已获取 1600 只行情, 进度 1600/7067
[DataFeed] 已获取 3200 只行情, 进度 3200/7067
[DataFeed] 已获取 4800 只行情, 进度 4800/7067
[DataFeed] 已获取 6400 只行情, 进度 6400/7067
[策略] 市场状态: 涨跌家比38.9%，情绪弱，不主动
[执行器] 检测到 0 个买入信号
[执行器] 扫描完成，总资产: ¥1,000,000.00
[账户] 已加载状态，现金: 1,000,000.00，持仓: 0

============================================================
[执行器] 2026-04-22 11:30:50 开始扫描
[执行器] 当前策略版本: v1
============================================================
[DataFeed] 已获取 1600 只行情, 进度 1600/7067
[DataFeed] 已获取 3200 只行情, 进度 3200/7067
[DataFeed] 已获取 4800 只行情, 进度 4800/7067
[DataFeed] 已获取 6400 只行情, 进度 6400/7067
[策略] 市场状态: 情绪正常，涨跌比41.6%
[DataFeed] 已获取 1600 只行情, 进度 1600/7067
[DataFeed] 已获取 3200 只行情, 进度 3200/7067
[DataFeed] 已获取 4800 只行情, 进度 4800/7067
[DataFeed] 已获取 6400 只行情, 进度 6400/7067
Traceback (most recent call last):
  File "/home/agentuser/.venv/astock/lib/python3.11/site-packages/pandas/core/indexes/base.py", line 3641, in get_loc
    return self._engine.get_loc(casted_key)
           ^^^^^^^^^^^^^^^^^^^^^^^^^^^^^^^^
  File "pandas/_libs/index.pyx", line 168, in pandas._libs.index.IndexEngine.get_loc
  File "pandas/_libs/index.pyx", line 197, in pandas._libs.index.IndexEngine.get_loc
  File "pandas/_libs/hashtable_class_helper.pxi", line 7668, in pandas._libs.hashtable.PyObjectHashTable.get_item
  File "pandas/_libs/hashtable_class_helper.pxi", line 7676, in pandas._libs.hashtable.PyObjectHashTable.get_item
KeyError: '量比'

The above exception was the direct cause of the following exception:

Traceback (most recent call last):
  File "/home/agentuser/.hermes/astock-trader/main.py", line 90, in <module>
    run_scan()
  File "/home/agentuser/.hermes/astock-trader/main.py", line 31, in run_scan
    executor.run_scan()
  File "/home/agentuser/.hermes/astock-trader/executor.py", line 45, in run_scan
    buy_signals = self._check_buys()
                  ^^^^^^^^^^^^^^^^^^
  File "/home/agentuser/.hermes/astock-trader/executor.py", line 89, in _check_buys
    signals = self.strategy.scan_buy_candidates(max_candidates=10)
              ^^^^^^^^^^^^^^^^^^^^^^^^^^^^^^^^^^^^^^^^^^^^^^^^^^^^
  File "/home/agentuser/.hermes/astock-trader/strategy.py", line 201, in scan_buy_candidates
    (spot_df['量比'] >= cfg['min_ratio'])
     ~~~~~~~^^^^^^^^
  File "/home/agentuser/.venv/astock/lib/python3.11/site-packages/pandas/core/frame.py", line 4378, in __getitem__
    indexer = self.columns.get_loc(key)
              ^^^^^^^^^^^^^^^^^^^^^^^^^
  File "/home/agentuser/.venv/astock/lib/python3.11/site-packages/pandas/core/indexes/base.py", line 3648, in get_loc
    raise KeyError(key) from err
KeyError: '量比'
[账户] 已加载状态，现金: 1,000,000.00，持仓: 0

============================================================
[执行器] 2026-04-22 11:31:39 开始扫描
[执行器] 当前策略版本: v1
============================================================
[DataFeed] 已获取 1600 只行情, 进度 1600/7067
[DataFeed] 已获取 3200 只行情, 进度 3200/7067
[DataFeed] 已获取 4800 只行情, 进度 4800/7067
[DataFeed] 已获取 6400 只行情, 进度 6400/7067
[策略] 市场状态: 情绪正常，涨跌比41.6%
[DataFeed] 已获取 1600 只行情, 进度 1600/7067
[DataFeed] 已获取 3200 只行情, 进度 3200/7067
[DataFeed] 已获取 4800 只行情, 进度 4800/7067
[DataFeed] 已获取 6400 只行情, 进度 6400/7067
[策略] 初筛候选股: 0只
[执行器] 检测到 0 个买入信号
[执行器] 扫描完成，总资产: ¥1,000,000.00
[账户] 已加载状态，现金: 1,000,000.00，持仓: 0

============================================================
[执行器] 2026-04-22 11:37:00 开始扫描
[执行器] 当前策略版本: v1
============================================================
[DataFeed] 已获取 1600 只行情, 进度 1600/7067
[DataFeed] 已获取 3200 只行情, 进度 3200/7067
[DataFeed] 已获取 4800 只行情, 进度 4800/7067
[DataFeed] 已获取 6400 只行情, 进度 6400/7067
[策略] 市场状态: 情绪正常，涨跌比41.6%
[DataFeed] 已获取 1600 只行情, 进度 1600/7067
[DataFeed] 已获取 3200 只行情, 进度 3200/7067
[DataFeed] 已获取 4800 只行情, 进度 4800/7067
[DataFeed] 已获取 6400 只行情, 进度 6400/7067
[策略] 初筛候选股: 50只
[DataFeed] 已获取 1600 只行情, 进度 1600/7067
[DataFeed] 已获取 3200 只行情, 进度 3200/7067
[DataFeed] 已获取 4800 只行情, 进度 4800/7067
[DataFeed] 已获取 6400 只行情, 进度 6400/7067
[DataFeed] 已获取 1600 只行情, 进度 1600/7067
[DataFeed] 已获取 3200 只行情, 进度 3200/7067
[DataFeed] 已获取 4800 只行情, 进度 4800/7067
[DataFeed] 已获取 6400 只行情, 进度 6400/7067
[DataFeed] 已获取 1600 只行情, 进度 1600/7067
[DataFeed] 已获取 3200 只行情, 进度 3200/7067
[DataFeed] 已获取 4800 只行情, 进度 4800/7067
[DataFeed] 已获取 6400 只行情, 进度 6400/7067
[DataFeed] 已获取 1600 只行情, 进度 1600/7067
[DataFeed] 已获取 3200 只行情, 进度 3200/7067
[DataFeed] 已获取 4800 只行情, 进度 4800/7067
[DataFeed] 已获取 6400 只行情, 进度 6400/7067
[DataFeed] 已获取 1600 只行情, 进度 1600/7067
[DataFeed] 已获取 3200 只行情, 进度 3200/7067
[DataFeed] 已获取 4800 只行情, 进度 4800/7067
[DataFeed] 已获取 6400 只行情, 进度 6400/7067
[DataFeed] 已获取 1600 只行情, 进度 1600/7067
[DataFeed] 已获取 3200 只行情, 进度 3200/7067
[DataFeed] 已获取 4800 只行情, 进度 4800/7067
[DataFeed] 已获取 6400 只行情, 进度 6400/7067
[DataFeed] 已获取 1600 只行情, 进度 1600/7067
[DataFeed] 已获取 3200 只行情, 进度 3200/7067
[DataFeed] 已获取 4800 只行情, 进度 4800/7067
[DataFeed] 已获取 6400 只行情, 进度 6400/7067
[DataFeed] 已获取 1600 只行情, 进度 1600/7067
[DataFeed] 已获取 3200 只行情, 进度 3200/7067
[DataFeed] 已获取 4800 只行情, 进度 4800/7067
[DataFeed] 已获取 6400 只行情, 进度 6400/7067
[DataFeed] 已获取 1600 只行情, 进度 1600/7067
[DataFeed] 已获取 3200 只行情, 进度 3200/7067
[DataFeed] 已获取 4800 只行情, 进度 4800/7067
[DataFeed] 已获取 6400 只行情, 进度 6400/7067
[DataFeed] 已获取 1600 只行情, 进度 1600/7067
[DataFeed] 已获取 3200 只行情, 进度 3200/7067
[DataFeed] 已获取 4800 只行情, 进度 4800/7067
[DataFeed] 已获取 6400 只行情, 进度 6400/7067
[DataFeed] 已获取 1600 只行情, 进度 1600/7067
[DataFeed] 已获取 3200 只行情, 进度 3200/7067
[DataFeed] 已获取 4800 只行情, 进度 4800/7067
[DataFeed] 已获取 6400 只行情, 进度 6400/7067
[DataFeed] 已获取 1600 只行情, 进度 1600/7067
[DataFeed] 已获取 3200 只行情, 进度 3200/7067
[DataFeed] 已获取 4800 只行情, 进度 4800/7067
[DataFeed] 已获取 6400 只行情, 进度 6400/7067
[DataFeed] 已获取 1600 只行情, 进度 1600/7067
[DataFeed] 已获取 3200 只行情, 进度 3200/7067
[DataFeed] 已获取 4800 只行情, 进度 4800/7067
[DataFeed] 已获取 6400 只行情, 进度 6400/7067
[DataFeed] 已获取 1600 只行情, 进度 1600/7067
[DataFeed] 已获取 3200 只行情, 进度 3200/7067
[DataFeed] 已获取 4800 只行情, 进度 4800/7067
[DataFeed] 已获取 6400 只行情, 进度 6400/7067
[DataFeed] 已获取 1600 只行情, 进度 1600/7067
[DataFeed] 已获取 3200 只行情, 进度 3200/7067
[DataFeed] 已获取 4800 只行情, 进度 4800/7067
[DataFeed] 已获取 6400 只行情, 进度 6400/7067
[DataFeed] 已获取 1600 只行情, 进度 1600/7067
[DataFeed] 已获取 3200 只行情, 进度 3200/7067
[DataFeed] 已获取 4800 只行情, 进度 4800/7067
[DataFeed] 已获取 6400 只行情, 进度 6400/7067
[DataFeed] 已获取 1600 只行情, 进度 1600/7067
[DataFeed] 已获取 3200 只行情, 进度 3200/7067
[DataFeed] 已获取 4800 只行情, 进度 4800/7067
[DataFeed] 已获取 6400 只行情, 进度 6400/7067
[DataFeed] 已获取 1600 只行情, 进度 1600/7067
[DataFeed] 已获取 3200 只行情, 进度 3200/7067
[DataFeed] 已获取 4800 只行情, 进度 4800/7067
[DataFeed] 已获取 6400 只行情, 进度 6400/7067
[DataFeed] 已获取 1600 只行情, 进度 1600/7067
[DataFeed] 已获取 3200 只行情, 进度 3200/7067
[DataFeed] 已获取 4800 只行情, 进度 4800/7067
[DataFeed] 已获取 6400 只行情, 进度 6400/7067
[DataFeed] 已获取 1600 只行情, 进度 1600/7067
[DataFeed] 已获取 3200 只行情, 进度 3200/7067
[DataFeed] 已获取 4800 只行情, 进度 4800/7067
[DataFeed] 已获取 6400 只行情, 进度 6400/7067
[DataFeed] 已获取 1600 只行情, 进度 1600/7067
[DataFeed] 已获取 3200 只行情, 进度 3200/7067
[DataFeed] 已获取 4800 只行情, 进度 4800/7067
[DataFeed] 已获取 6400 只行情, 进度 6400/7067
[DataFeed] 已获取 1600 只行情, 进度 1600/7067
[DataFeed] 已获取 3200 只行情, 进度 3200/7067
[DataFeed] 已获取 4800 只行情, 进度 4800/7067
[DataFeed] 已获取 6400 只行情, 进度 6400/7067
[DataFeed] 已获取 1600 只行情, 进度 1600/7067
[DataFeed] 已获取 3200 只行情, 进度 3200/7067
[DataFeed] 已获取 4800 只行情, 进度 4800/7067
[DataFeed] 已获取 6400 只行情, 进度 6400/7067
[DataFeed] 已获取 1600 只行情, 进度 1600/7067
[DataFeed] 已获取 3200 只行情, 进度 3200/7067
[DataFeed] 已获取 4800 只行情, 进度 4800/7067
[DataFeed] 已获取 6400 只行情, 进度 6400/7067
[DataFeed] 已获取 1600 只行情, 进度 1600/7067
[DataFeed] 已获取 3200 只行情, 进度 3200/7067
[DataFeed] 已获取 4800 只行情, 进度 4800/7067
[DataFeed] 已获取 6400 只行情, 进度 6400/7067
[DataFeed] 已获取 1600 只行情, 进度 1600/7067
[DataFeed] 已获取 3200 只行情, 进度 3200/7067
[DataFeed] 已获取 4800 只行情, 进度 4800/7067
[DataFeed] 已获取 6400 只行情, 进度 6400/7067
[DataFeed] 已获取 1600 只行情, 进度 1600/7067
[DataFeed] 已获取 3200 只行情, 进度 3200/7067
[DataFeed] 已获取 4800 只行情, 进度 4800/7067
[DataFeed] 已获取 6400 只行情, 进度 6400/7067
[DataFeed] 已获取 1600 只行情, 进度 1600/7067
[DataFeed] 已获取 3200 只行情, 进度 3200/7067
[DataFeed] 已获取 4800 只行情, 进度 4800/7067
[DataFeed] 已获取 6400 只行情, 进度 6400/7067
[DataFeed] 已获取 1600 只行情, 进度 1600/7067
[DataFeed] 已获取 3200 只行情, 进度 3200/7067
[DataFeed] 已获取 4800 只行情, 进度 4800/7067
[DataFeed] 已获取 6400 只行情, 进度 6400/7067
[DataFeed] 已获取 1600 只行情, 进度 1600/7067
[DataFeed] 已获取 3200 只行情, 进度 3200/7067
[DataFeed] 已获取 4800 只行情, 进度 4800/7067
[DataFeed] 已获取 6400 只行情, 进度 6400/7067
[DataFeed] 已获取 1600 只行情, 进度 1600/7067
[DataFeed] 已获取 3200 只行情, 进度 3200/7067
[DataFeed] 已获取 4800 只行情, 进度 4800/7067
[DataFeed] 已获取 6400 只行情, 进度 6400/7067
[DataFeed] 已获取 1600 只行情, 进度 1600/7067
[DataFeed] 已获取 3200 只行情, 进度 3200/7067
[DataFeed] 已获取 4800 只行情, 进度 4800/7067
[DataFeed] 已获取 6400 只行情, 进度 6400/7067
[DataFeed] 已获取 1600 只行情, 进度 1600/7067
[DataFeed] 已获取 3200 只行情, 进度 3200/7067
[DataFeed] 已获取 4800 只行情, 进度 4800/7067
[DataFeed] 已获取 6400 只行情, 进度 6400/7067
[DataFeed] 已获取 1600 只行情, 进度 1600/7067
[DataFeed] 已获取 3200 只行情, 进度 3200/7067
[DataFeed] 已获取 4800 只行情, 进度 4800/7067
[DataFeed] 已获取 6400 只行情, 进度 6400/7067
[DataFeed] 已获取 1600 只行情, 进度 1600/7067
[DataFeed] 已获取 3200 只行情, 进度 3200/7067[账户] 已加载状态，现金: 1,000,000.00，持仓: 0

============================================================
[执行器] 2026-04-22 11:43:43 开始扫描
[执行器] 当前策略版本: v1
============================================================
[DataFeed] 已获取 1600 只行情, 进度 1600/7067
[DataFeed] 已获取 3200 只行情, 进度 3200/7067
[DataFeed] 已获取 4800 只行情, 进度 4800/7067
[DataFeed] 已获取 6400 只行情, 进度 6400/7067
[策略] 市场状态: 情绪正常，涨跌比41.6%
[策略] 初筛候选股: 50只
[执行器] 检测到 0 个买入信号
[执行器] 扫描完成，总资产: ¥1,000,000.00
[账户] 已加载状态，现金: 1,000,000.00，持仓: 0

============================================================
[执行器] 2026-04-22 11:45:22 开始扫描
[执行器] 当前策略版本: v1
============================================================
[DataFeed] 已获取 1600 只行情, 进度 1600/7067
[DataFeed] 已获取 3200 只行情, 进度 3200/7067
[DataFeed] 已获取 4800 只行情, 进度 4800/7067
[DataFeed] 已获取 6400 只行情, 进度 6400/7067
[策略] 市场状态: 情绪正常，涨跌比41.6%
[策略] 初筛候选股: 50只
[执行器] 检测到 0 个买入信号
[执行器] 扫描完成，总资产: ¥1,000,000.00
[账户] 已加载状态，现金: 1,000,000.00，持仓: 0

============================================================
[执行器] 2026-04-22 11:50:57 开始扫描
[执行器] 当前策略版本: v1
============================================================
[DataFeed] 已获取 1600 只行情, 进度 1600/7067
[DataFeed] 已获取 3200 只行情, 进度 3200/7067
[DataFeed] 已获取 4800 只行情, 进度 4800/7067
[DataFeed] 已获取 6400 只行情, 进度 6400/7067
[策略] 市场状态: 情绪正常，涨跌比41.6%
[策略] 初筛候选股: 50只
[执行器] 检测到 0 个买入信号
[执行器] 扫描完成，总资产: ¥1,000,000.00
[账户] 已加载状态，现金: 1,000,000.00，持仓: 0

============================================================
[执行器] 2026-04-22 11:55:22 开始扫描
[执行器] 当前策略版本: v1
============================================================
[DataFeed] 已获取 1600 只行情, 进度 1600/7067
[DataFeed] 已获取 3200 只行情, 进度 3200/7067
[DataFeed] 已获取 4800 只行情, 进度 4800/7067
[DataFeed] 已获取 6400 只行情, 进度 6400/7067
[策略] 市场状态: 情绪正常，涨跌比41.6%
[策略] 初筛候选股: 50只
[执行器] 检测到 0 个买入信号
[执行器] 扫描完成，总资产: ¥1,000,000.00
[账户] 已加载状态，现金: 1,000,000.00，持仓: 0

============================================================
[执行器] 2026-04-22 13:00:35 开始扫描
[执行器] 当前策略版本: v1
============================================================
[DataFeed] 已获取 1600 只行情, 进度 1600/7067
[DataFeed] 已获取 3200 只行情, 进度 3200/7067
[DataFeed] 已获取 4800 只行情, 进度 4800/7067
[DataFeed] 已获取 6400 只行情, 进度 6400/7067
[策略] 市场状态: 情绪正常，涨跌比41.8%
[策略] 初筛候选股: 50只
[执行器] 检测到 0 个买入信号
[执行器] 扫描完成，总资产: ¥1,000,000.00
[账户] 已加载状态，现金: 1,000,000.00，持仓: 0

============================================================
[执行器] 2026-04-22 13:06:00 开始扫描
[执行器] 当前策略版本: v1
============================================================
[DataFeed] 已获取 1600 只行情, 进度 1600/7067
[DataFeed] 已获取 3200 只行情, 进度 3200/7067
[DataFeed] 已获取 4800 只行情, 进度 4800/7067
[DataFeed] 已获取 6400 只行情, 进度 6400/7067
[策略] 市场状态: 涨跌家比39.0%，情绪弱，不主动
[执行器] 检测到 0 个买入信号
[执行器] 扫描完成，总资产: ¥1,000,000.00
[账户] 已加载状态，现金: 1,000,000.00，持仓: 0

============================================================
[执行器] 2026-04-22 13:10:39 开始扫描
[执行器] 当前策略版本: v1
============================================================
[DataFeed] 已获取 1600 只行情, 进度 1600/7067
[DataFeed] 已获取 3200 只行情, 进度 3200/7067
[DataFeed] 已获取 4800 只行情, 进度 4800/7067
[DataFeed] 已获取 6400 只行情, 进度 6400/7067
[策略] 市场状态: 涨跌家比39.7%，情绪弱，不主动
[执行器] 检测到 0 个买入信号
[执行器] 扫描完成，总资产: ¥1,000,000.00
[账户] 已加载状态，现金: 1,000,000.00，持仓: 0

============================================================
[执行器] 2026-04-22 13:30:56 开始扫描
[执行器] 当前策略版本: v1
============================================================
[DataFeed] 已获取 1600 只行情, 进度 1600/7067
[DataFeed] 已获取 3200 只行情, 进度 3200/7067
[DataFeed] 已获取 4800 只行情, 进度 4800/7067
[DataFeed] 已获取 6400 只行情, 进度 6400/7067
[策略] 市场状态: 情绪正常，涨跌比44.6%
[策略] 初筛候选股: 50只
[执行器] 检测到 0 个买入信号
[执行器] 扫描完成，总资产: ¥1,000,000.00
[账户] 已加载状态，现金: 1,000,000.00，持仓: 0

============================================================
[执行器] 2026-04-22 13:35:22 开始扫描
[执行器] 当前策略版本: v1
============================================================
[DataFeed] 已获取 1600 只行情, 进度 1600/7067
[DataFeed] 已获取 3200 只行情, 进度 3200/7067
[DataFeed] 已获取 4800 只行情, 进度 4800/7067
[DataFeed] 已获取 6400 只行情, 进度 6400/7067
[策略] 市场状态: 情绪正常，涨跌比46.3%
[策略] 初筛候选股: 50只
[执行器] 检测到 0 个买入信号
[执行器] 扫描完成，总资产: ¥1,000,000.00
[账户] 已加载状态，现金: 1,000,000.00，持仓: 0

============================================================
[执行器] 2026-04-22 13:40:42 开始扫描
[执行器] 当前策略版本: v1
============================================================
[DataFeed] 已获取 1600 只行情, 进度 1600/7067
[DataFeed] 已获取 3200 只行情, 进度 3200/7067
[DataFeed] 已获取 4800 只行情, 进度 4800/7067
[DataFeed] 已获取 6400 只行情, 进度 6400/7067
[策略] 市场状态: 情绪正常，涨跌比44.6%
[策略] 初筛候选股: 50只
[执行器] 检测到 0 个买入信号
[执行器] 扫描完成，总资产: ¥1,000,000.00
[账户] 已加载状态，现金: 1,000,000.00，持仓: 0

============================================================
[执行器] 2026-04-22 13:46:01 开始扫描
[执行器] 当前策略版本: v1
============================================================
[DataFeed] 已获取 1600 只行情, 进度 1600/7067
[DataFeed] 已获取 3200 只行情, 进度 3200/7067
[DataFeed] 已获取 4800 只行情, 进度 4800/7067
[DataFeed] 已获取 6400 只行情, 进度 6400/7067
[策略] 市场状态: 情绪正常，涨跌比43.9%
[策略] 初筛候选股: 50只
[执行器] 检测到 0 个买入信号
[执行器] 扫描完成，总资产: ¥1,000,000.00
[账户] 已加载状态，现金: 1,000,000.00，持仓: 0

============================================================
[执行器] 2026-04-22 13:50:21 开始扫描
[执行器] 当前策略版本: v1
============================================================
[DataFeed] 已获取 1600 只行情, 进度 1600/7067
[DataFeed] 已获取 3200 只行情, 进度 3200/7067
[DataFeed] 已获取 4800 只行情, 进度 4800/7067
[DataFeed] 已获取 6400 只行情, 进度 6400/7067
[策略] 市场状态: 情绪正常，涨跌比43.4%
[策略] 初筛候选股: 50只
[执行器] 检测到 0 个买入信号
[执行器] 扫描完成，总资产: ¥1,000,000.00
[账户] 已加载状态，现金: 1,000,000.00，持仓: 0

============================================================
[执行器] 2026-04-22 13:55:45 开始扫描
[执行器] 当前策略版本: v1
============================================================
[DataFeed] 已获取 1600 只行情, 进度 1600/7067
[DataFeed] 已获取 3200 只行情, 进度 3200/7067
[DataFeed] 已获取 4800 只行情, 进度 4800/7067
[DataFeed] 已获取 6400 只行情, 进度 6400/7067
[策略] 市场状态: 情绪正常，涨跌比42.8%
[策略] 初筛候选股: 50只
[执行器] 检测到 0 个买入信号
[执行器] 扫描完成，总资产: ¥1,000,000.00
[账户] 已加载状态，现金: 1,000,000.00，持仓: 0

============================================================
[执行器] 2026-04-22 14:00:34 开始扫描
[执行器] 当前策略版本: v1
============================================================
[DataFeed] 已获取 1600 只行情, 进度 1600/7067
[DataFeed] 已获取 3200 只行情, 进度 3200/7067
[DataFeed] 已获取 4800 只行情, 进度 4800/7067
[DataFeed] 已获取 6400 只行情, 进度 6400/7067
[策略] 市场状态: 情绪正常，涨跌比44.0%
[策略] 初筛候选股: 50只
[执行器] 检测到 0 个买入信号
[执行器] 扫描完成，总资产: ¥1,000,000.00
[账户] 已加载状态，现金: 1,000,000.00，持仓: 0

============================================================
[执行器] 2026-04-22 14:05:59 开始扫描
[执行器] 当前策略版本: v1
============================================================
[DataFeed] 已获取 1600 只行情, 进度 1600/7067
[DataFeed] 已获取 3200 只行情, 进度 3200/7067
[DataFeed] 已获取 4800 只行情, 进度 4800/7067
[DataFeed] 已获取 6400 只行情, 进度 6400/7067
[策略] 市场状态: 情绪正常，涨跌比44.1%
[策略] 初筛候选股: 50只
[执行器] 检测到 0 个买入信号
[执行器] 扫描完成，总资产: ¥1,000,000.00
[账户] 已加载状态，现金: 1,000,000.00，持仓: 0

============================================================
[执行器] 2026-04-22 14:10:24 开始扫描
[执行器] 当前策略版本: v1
============================================================
[DataFeed] 已获取 1600 只行情, 进度 1600/7067
[DataFeed] 已获取 3200 只行情, 进度 3200/7067
[DataFeed] 已获取 4800 只行情, 进度 4800/7067
[DataFeed] 已获取 6400 只行情, 进度 6400/7067
[策略] 市场状态: 情绪正常，涨跌比42.8%
[策略] 初筛候选股: 50只
[执行器] 检测到 0 个买入信号
[执行器] 扫描完成，总资产: ¥1,000,000.00
[账户] 已加载状态，现金: 1,000,000.00，持仓: 0

============================================================
[执行器] 2026-04-22 14:15:54 开始扫描
[执行器] 当前策略版本: v1
============================================================
[DataFeed] 已获取 1600 只行情, 进度 1600/7067
[DataFeed] 已获取 3200 只行情, 进度 3200/7067
[DataFeed] 已获取 4800 只行情, 进度 4800/7067
[DataFeed] 已获取 6400 只行情, 进度 6400/7067
[策略] 市场状态: 情绪正常，涨跌比41.8%
[策略] 初筛候选股: 50只
[执行器] 检测到 0 个买入信号
[执行器] 扫描完成，总资产: ¥1,000,000.00
[账户] 已加载状态，现金: 1,000,000.00，持仓: 0

============================================================
[执行器] 2026-04-22 14:20:18 开始扫描
[执行器] 当前策略版本: v1
============================================================
[DataFeed] 已获取 1600 只行情, 进度 1600/7067
[DataFeed] 已获取 3200 只行情, 进度 3200/7067
[DataFeed] 已获取 4800 只行情, 进度 4800/7067
[DataFeed] 已获取 6400 只行情, 进度 6400/7067
[策略] 市场状态: 情绪正常，涨跌比42.9%
[策略] 初筛候选股: 50只
[执行器] 检测到 0 个买入信号
[执行器] 扫描完成，总资产: ¥1,000,000.00
[账户] 已加载状态，现金: 1,000,000.00，持仓: 0

============================================================
[执行器] 2026-04-22 14:25:44 开始扫描
[执行器] 当前策略版本: v1
============================================================
[DataFeed] 已获取 1600 只行情, 进度 1600/7067
[DataFeed] 已获取 3200 只行情, 进度 3200/7067
[DataFeed] 已获取 4800 只行情, 进度 4800/7067
[DataFeed] 已获取 6400 只行情, 进度 6400/7067
[策略] 市场状态: 情绪正常，涨跌比44.2%
[策略] 初筛候选股: 50只
[执行器] 检测到 0 个买入信号
[执行器] 扫描完成，总资产: ¥1,000,000.00
[账户] 已加载状态，现金: 1,000,000.00，持仓: 0

============================================================
[执行器] 2026-04-22 14:30:16 开始扫描
[执行器] 当前策略版本: v1
============================================================
[DataFeed] 已获取 1600 只行情, 进度 1600/7067
[DataFeed] 已获取 3200 只行情, 进度 3200/7067
[DataFeed] 已获取 4800 只行情, 进度 4800/7067
[DataFeed] 已获取 6400 只行情, 进度 6400/7067
[策略] 市场状态: 情绪正常，涨跌比44.3%
[策略] 初筛候选股: 50只
[执行器] 检测到 0 个买入信号
[执行器] 扫描完成，总资产: ¥1,000,000.00
[账户] 已加载状态，现金: 1,000,000.00，持仓: 0

============================================================
[执行器] 2026-04-22 14:35:36 开始扫描
[执行器] 当前策略版本: v1
============================================================
[DataFeed] 已获取 1600 只行情, 进度 1600/7067
[DataFeed] 已获取 3200 只行情, 进度 3200/7067
[DataFeed] 已获取 4800 只行情, 进度 4800/7067
[DataFeed] 已获取 6400 只行情, 进度 6400/7067
[策略] 市场状态: 情绪正常，涨跌比44.4%
[策略] 初筛候选股: 50只
[执行器] 检测到 0 个买入信号
[执行器] 扫描完成，总资产: ¥1,000,000.00
[账户] 已加载状态，现金: 1,000,000.00，持仓: 0

============================================================
[执行器] 2026-04-22 14:41:03 开始扫描
[执行器] 当前策略版本: v1
============================================================
[DataFeed] 已获取 1600 只行情, 进度 1600/7067
[DataFeed] 已获取 3200 只行情, 进度 3200/7067
[DataFeed] 已获取 4800 只行情, 进度 4800/7067
[DataFeed] 已获取 6400 只行情, 进度 6400/7067
[策略] 市场状态: 情绪正常，涨跌比44.4%
[策略] 初筛候选股: 50只
[执行器] 检测到 0 个买入信号
[执行器] 扫描完成，总资产: ¥1,000,000.00
[账户] 已加载状态，现金: 1,000,000.00，持仓: 0

============================================================
[执行器] 2026-04-22 14:45:31 开始扫描
[执行器] 当前策略版本: v1
============================================================
[DataFeed] 已获取 1600 只行情, 进度 1600/7067
[DataFeed] 已获取 3200 只行情, 进度 3200/7067
[DataFeed] 已获取 4800 只行情, 进度 4800/7067
[DataFeed] 已获取 6400 只行情, 进度 6400/7067
[策略] 市场状态: 情绪正常，涨跌比45.1%
[策略] 初筛候选股: 50只
[执行器] 检测到 0 个买入信号
[执行器] 扫描完成，总资产: ¥1,000,000.00
[账户] 已加载状态，现金: 1,000,000.00，持仓: 0

============================================================
[执行器] 2026-04-22 14:50:56 开始扫描
[执行器] 当前策略版本: v1
============================================================
[DataFeed] 已获取 1600 只行情, 进度 1600/7067
[DataFeed] 已获取 3200 只行情, 进度 3200/7067
[DataFeed] 已获取 4800 只行情, 进度 4800/7067
[DataFeed] 已获取 6400 只行情, 进度 6400/7067
[策略] 市场状态: 情绪正常，涨跌比46.3%
[策略] 初筛候选股: 50只
[执行器] 检测到 0 个买入信号
[执行器] 扫描完成，总资产: ¥1,000,000.00
[账户] 已加载状态，现金: 1,000,000.00，持仓: 0

============================================================
[执行器] 2026-04-22 14:55:29 开始扫描
[执行器] 当前策略版本: v1
============================================================
[DataFeed] 已获取 1600 只行情, 进度 1600/7067
[DataFeed] 已获取 3200 只行情, 进度 3200/7067
[DataFeed] 已获取 4800 只行情, 进度 4800/7067
[DataFeed] 已获取 6400 只行情, 进度 6400/7067
[策略] 市场状态: 情绪正常，涨跌比47.1%
[策略] 初筛候选股: 50只
[执行器] 检测到 0 个买入信号
[执行器] 扫描完成，总资产: ¥1,000,000.00
[账户] 已加载状态，现金: 1,000,000.00，持仓: 0

============================================================
[执行器] 2026-04-23 09:00:23 开始扫描
[执行器] 当前策略版本: v1
============================================================
[DataFeed] 已获取 1600 只行情, 进度 1600/7067
[DataFeed] 已获取 3200 只行情, 进度 3200/7067
[DataFeed] 已获取 4800 只行情, 进度 4800/7067
[DataFeed] 已获取 6400 只行情, 进度 6400/7067
[策略] 市场状态: 情绪正常，涨跌比47.5%
[策略] 初筛候选股: 50只
[执行器] 检测到 0 个买入信号
[执行器] 扫描完成，总资产: ¥1,000,000.00
[账户] 已加载状态，现金: 1,000,000.00，持仓: 0

============================================================
[执行器] 2026-04-23 09:05:44 开始扫描
[执行器] 当前策略版本: v1
============================================================
[DataFeed] 已获取 1600 只行情, 进度 1600/7067
[DataFeed] 已获取 3200 只行情, 进度 3200/7067
[DataFeed] 已获取 4800 只行情, 进度 4800/7067
[DataFeed] 已获取 6400 只行情, 进度 6400/7067
[策略] 市场状态: 情绪正常，涨跌比47.5%
[策略] 初筛候选股: 50只
[执行器] 检测到 0 个买入信号
[执行器] 扫描完成，总资产: ¥1,000,000.00
[账户] 已加载状态，现金: 1,000,000.00，持仓: 0

============================================================
[执行器] 2026-04-23 09:10:03 开始扫描
[执行器] 当前策略版本: v1
============================================================
[DataFeed] 已获取 1600 只行情, 进度 1600/7067
[DataFeed] 已获取 3200 只行情, 进度 3200/7067
[DataFeed] 已获取 4800 只行情, 进度 4800/7067
[DataFeed] 已获取 6400 只行情, 进度 6400/7067
[策略] 市场状态: 涨跌家比6.8%，情绪弱，不主动
[执行器] 检测到 0 个买入信号
[执行器] 扫描完成，总资产: ¥1,000,000.00
[账户] 已加载状态，现金: 1,000,000.00，持仓: 0

============================================================
[执行器] 2026-04-23 09:15:22 开始扫描
[执行器] 当前策略版本: v1
============================================================
[DataFeed] 已获取 1600 只行情, 进度 1600/7067
[DataFeed] 已获取 3200 只行情, 进度 3200/7067
[DataFeed] 已获取 4800 只行情, 进度 4800/7067
[DataFeed] 已获取 6400 只行情, 进度 6400/7067
[策略] 市场状态: 跌停家数70，市场恐慌，观望
[执行器] 检测到 0 个买入信号
[执行器] 扫描完成，总资产: ¥1,000,000.00
[账户] 已加载状态，现金: 1,000,000.00，持仓: 0

============================================================
[执行器] 2026-04-23 09:20:40 开始扫描
[执行器] 当前策略版本: v1
============================================================
[DataFeed] 已获取 1600 只行情, 进度 1600/7067
[DataFeed] 已获取 3200 只行情, 进度 3200/7067
[DataFeed] 已获取 4800 只行情, 进度 4800/7067
[DataFeed] 已获取 6400 只行情, 进度 6400/7067
[策略] 市场状态: 涨跌家比35.6%，情绪弱，不主动
[执行器] 检测到 0 个买入信号
[执行器] 扫描完成，总资产: ¥1,000,000.00
[账户] 已加载状态，现金: 1,000,000.00，持仓: 0

============================================================
[执行器] 2026-04-23 09:25:58 开始扫描
[执行器] 当前策略版本: v1
============================================================
[DataFeed] 已获取 1600 只行情, 进度 1600/7067
[DataFeed] 已获取 3200 只行情, 进度 3200/7067
[DataFeed] 已获取 4800 只行情, 进度 4800/7067
[DataFeed] 已获取 6400 只行情, 进度 6400/7067
[策略] 市场状态: 涨跌家比32.7%，情绪弱，不主动
[执行器] 检测到 0 个买入信号
[执行器] 扫描完成，总资产: ¥1,000,000.00
[账户] 已加载状态，现金: 1,000,000.00，持仓: 0

============================================================
[执行器] 2026-04-23 09:30:13 开始扫描
[执行器] 当前策略版本: v1
============================================================
[DataFeed] 已获取 1600 只行情, 进度 1600/7067
[DataFeed] 已获取 3200 只行情, 进度 3200/7067
[DataFeed] 已获取 4800 只行情, 进度 4800/7067
[DataFeed] 已获取 6400 只行情, 进度 6400/7067
[策略] 市场状态: 涨跌家比32.2%，情绪弱，不主动
[执行器] 检测到 0 个买入信号
[执行器] 扫描完成，总资产: ¥1,000,000.00
[账户] 已加载状态，现金: 1,000,000.00，持仓: 0

============================================================
[执行器] 2026-04-23 09:35:55 开始扫描
[执行器] 当前策略版本: v1
============================================================
[DataFeed] 已获取 1600 只行情, 进度 1600/7067
[DataFeed] 已获取 3200 只行情, 进度 3200/7067
[DataFeed] 已获取 4800 只行情, 进度 4800/7067
[DataFeed] 已获取 6400 只行情, 进度 6400/7067
[策略] 市场状态: 涨跌家比31.8%，情绪弱，不主动
[执行器] 检测到 0 个买入信号
[执行器] 扫描完成，总资产: ¥1,000,000.00
[账户] 已加载状态，现金: 1,000,000.00，持仓: 0

============================================================
[执行器] 2026-04-23 09:40:14 开始扫描
[执行器] 当前策略版本: v1
============================================================
[DataFeed] 已获取 1600 只行情, 进度 1600/7067
[DataFeed] 已获取 3200 只行情, 进度 3200/7067
[DataFeed] 已获取 4800 只行情, 进度 4800/7067
[DataFeed] 已获取 6400 只行情, 进度 6400/7067
[策略] 市场状态: 涨跌家比28.1%，情绪弱，不主动
[执行器] 检测到 0 个买入信号
[执行器] 扫描完成，总资产: ¥1,000,000.00
[账户] 已加载状态，现金: 1,000,000.00，持仓: 0

============================================================
[执行器] 2026-04-23 09:45:34 开始扫描
[执行器] 当前策略版本: v1
============================================================
[DataFeed] 已获取 1600 只行情, 进度 1600/7067
[DataFeed] 已获取 3200 只行情, 进度 3200/7067
[DataFeed] 已获取 4800 只行情, 进度 4800/7067
[DataFeed] 已获取 6400 只行情, 进度 6400/7067
[策略] 市场状态: 涨跌家比22.6%，情绪弱，不主动
[执行器] 检测到 0 个买入信号
[执行器] 扫描完成，总资产: ¥1,000,000.00
[账户] 已加载状态，现金: 1,000,000.00，持仓: 0

============================================================
[执行器] 2026-04-23 09:50:50 开始扫描
[执行器] 当前策略版本: v1
============================================================
[DataFeed] 已获取 1600 只行情, 进度 1600/7067
[DataFeed] 已获取 3200 只行情, 进度 3200/7067
[DataFeed] 已获取 4800 只行情, 进度 4800/7067
[DataFeed] 已获取 6400 只行情, 进度 6400/7067
[策略] 市场状态: 涨跌家比23.4%，情绪弱，不主动
[执行器] 检测到 0 个买入信号
[执行器] 扫描完成，总资产: ¥1,000,000.00
[账户] 已加载状态，现金: 1,000,000.00，持仓: 0

============================================================
[执行器] 2026-04-23 09:55:30 开始扫描
[执行器] 当前策略版本: v1
============================================================
[DataFeed] 已获取 1600 只行情, 进度 1600/7067
[DataFeed] 已获取 3200 只行情, 进度 3200/7067
[DataFeed] 已获取 4800 只行情, 进度 4800/7067
[DataFeed] 已获取 6400 只行情, 进度 6400/7067
[策略] 市场状态: 涨跌家比19.9%，情绪弱，不主动
[执行器] 检测到 0 个买入信号
[执行器] 扫描完成，总资产: ¥1,000,000.00
[账户] 已加载状态，现金: 1,000,000.00，持仓: 0

============================================================
[执行器] 2026-04-23 10:00:54 开始扫描
[执行器] 当前策略版本: v1
============================================================
[DataFeed] 已获取 1600 只行情, 进度 1600/7067
[DataFeed] 已获取 3200 只行情, 进度 3200/7067
[DataFeed] 已获取 4800 只行情, 进度 4800/7067
[DataFeed] 已获取 6400 只行情, 进度 6400/7067
[策略] 市场状态: 涨跌家比22.3%，情绪弱，不主动
[执行器] 检测到 0 个买入信号
[执行器] 扫描完成，总资产: ¥1,000,000.00
[账户] 已加载状态，现金: 1,000,000.00，持仓: 0

============================================================
[执行器] 2026-04-23 10:05:39 开始扫描
[执行器] 当前策略版本: v1
============================================================
[DataFeed] 已获取 1600 只行情, 进度 1600/7067
[DataFeed] 已获取 3200 只行情, 进度 3200/7067
[DataFeed] 已获取 4800 只行情, 进度 4800/7067
[DataFeed] 已获取 6400 只行情, 进度 6400/7067
[策略] 市场状态: 涨跌家比22.8%，情绪弱，不主动
[执行器] 检测到 0 个买入信号
[执行器] 扫描完成，总资产: ¥1,000,000.00
[账户] 已加载状态，现金: 1,000,000.00，持仓: 0

============================================================
[执行器] 2026-04-23 10:11:02 开始扫描
[执行器] 当前策略版本: v1
============================================================
[DataFeed] 已获取 1600 只行情, 进度 1600/7067
[DataFeed] 已获取 3200 只行情, 进度 3200/7067
[DataFeed] 已获取 4800 只行情, 进度 4800/7067
[DataFeed] 已获取 6400 只行情, 进度 6400/7067
[策略] 市场状态: 涨跌家比24.7%，情绪弱，不主动
[执行器] 检测到 0 个买入信号
[执行器] 扫描完成，总资产: ¥1,000,000.00
[账户] 已加载状态，现金: 1,000,000.00，持仓: 0

============================================================
[执行器] 2026-04-23 10:15:30 开始扫描
[执行器] 当前策略版本: v1
============================================================
[DataFeed] 已获取 1600 只行情, 进度 1600/7067
[DataFeed] 已获取 3200 只行情, 进度 3200/7067
[DataFeed] 已获取 4800 只行情, 进度 4800/7067
[DataFeed] 已获取 6400 只行情, 进度 6400/7067
[策略] 市场状态: 涨跌家比24.3%，情绪弱，不主动
[执行器] 检测到 0 个买入信号
[执行器] 扫描完成，总资产: ¥1,000,000.00
[账户] 已加载状态，现金: 1,000,000.00，持仓: 0

============================================================
[执行器] 2026-04-23 10:20:56 开始扫描
[执行器] 当前策略版本: v1
============================================================
[DataFeed] 已获取 1600 只行情, 进度 1600/7067
[DataFeed] 已获取 3200 只行情, 进度 3200/7067
[DataFeed] 已获取 4800 只行情, 进度 4800/7067
[DataFeed] 已获取 6400 只行情, 进度 6400/7067
[策略] 市场状态: 涨跌家比27.3%，情绪弱，不主动
[执行器] 检测到 0 个买入信号
[执行器] 扫描完成，总资产: ¥1,000,000.00
[账户] 已加载状态，现金: 1,000,000.00，持仓: 0

============================================================
[执行器] 2026-04-23 10:25:24 开始扫描
[执行器] 当前策略版本: v1
============================================================
[DataFeed] 已获取 1600 只行情, 进度 1600/7067
[DataFeed] 已获取 3200 只行情, 进度 3200/7067
[DataFeed] 已获取 4800 只行情, 进度 4800/7067
[DataFeed] 已获取 6400 只行情, 进度 6400/7067
[策略] 市场状态: 涨跌家比29.2%，情绪弱，不主动
[执行器] 检测到 0 个买入信号
[执行器] 扫描完成，总资产: ¥1,000,000.00
[账户] 已加载状态，现金: 1,000,000.00，持仓: 0

============================================================
[执行器] 2026-04-23 10:31:00 开始扫描
[执行器] 当前策略版本: v1
============================================================
[DataFeed] 已获取 1600 只行情, 进度 1600/7067
[DataFeed] 已获取 3200 只行情, 进度 3200/7067
[DataFeed] 已获取 4800 只行情, 进度 4800/7067
[DataFeed] 已获取 6400 只行情, 进度 6400/7067
[策略] 市场状态: 涨跌家比29.9%，情绪弱，不主动
[执行器] 检测到 0 个买入信号
[执行器] 扫描完成，总资产: ¥1,000,000.00
[账户] 已加载状态，现金: 1,000,000.00，持仓: 0

============================================================
[执行器] 2026-04-23 10:35:27 开始扫描
[执行器] 当前策略版本: v1
============================================================
[DataFeed] 已获取 1600 只行情, 进度 1600/7067
[DataFeed] 已获取 3200 只行情, 进度 3200/7067
[DataFeed] 已获取 4800 只行情, 进度 4800/7067
[DataFeed] 已获取 6400 只行情, 进度 6400/7067
[策略] 市场状态: 涨跌家比30.8%，情绪弱，不主动
[执行器] 检测到 0 个买入信号
[执行器] 扫描完成，总资产: ¥1,000,000.00
[账户] 已加载状态，现金: 1,000,000.00，持仓: 0

============================================================
[执行器] 2026-04-23 10:41:07 开始扫描
[执行器] 当前策略版本: v1
============================================================
[DataFeed] 已获取 1600 只行情, 进度 1600/7067
[DataFeed] 已获取 3200 只行情, 进度 3200/7067
[DataFeed] 已获取 4800 只行情, 进度 4800/7067
[DataFeed] 已获取 6400 只行情, 进度 6400/7067
[策略] 市场状态: 跌停家数33，市场恐慌，观望
[执行器] 检测到 0 个买入信号
[执行器] 扫描完成，总资产: ¥1,000,000.00
[账户] 已加载状态，现金: 1,000,000.00，持仓: 0

============================================================
[执行器] 2026-04-23 10:45:32 开始扫描
[执行器] 当前策略版本: v1
============================================================
[DataFeed] 已获取 1600 只行情, 进度 1600/7067
[DataFeed] 已获取 3200 只行情, 进度 3200/7067
[DataFeed] 已获取 4800 只行情, 进度 4800/7067
[DataFeed] 已获取 6400 只行情, 进度 6400/7067
[策略] 市场状态: 跌停家数34，市场恐慌，观望
[执行器] 检测到 0 个买入信号
[执行器] 扫描完成，总资产: ¥1,000,000.00
[账户] 已加载状态，现金: 1,000,000.00，持仓: 0

============================================================
[执行器] 2026-04-23 10:51:06 开始扫描
[执行器] 当前策略版本: v1
============================================================
[DataFeed] 已获取 1600 只行情, 进度 1600/7067
[DataFeed] 已获取 3200 只行情, 进度 3200/7067
[DataFeed] 已获取 4800 只行情, 进度 4800/7067
[DataFeed] 已获取 6400 只行情, 进度 6400/7067
[策略] 市场状态: 跌停家数34，市场恐慌，观望
[执行器] 检测到 0 个买入信号
[执行器] 扫描完成，总资产: ¥1,000,000.00
[账户] 已加载状态，现金: 1,000,000.00，持仓: 0

============================================================
[执行器] 2026-04-23 10:55:47 开始扫描
[执行器] 当前策略版本: v1
============================================================
[DataFeed] 已获取 1600 只行情, 进度 1600/7067
[DataFeed] 已获取 3200 只行情, 进度 3200/7067
[DataFeed] 已获取 4800 只行情, 进度 4800/7067
[DataFeed] 已获取 6400 只行情, 进度 6400/7067
[策略] 市场状态: 跌停家数33，市场恐慌，观望
[执行器] 检测到 0 个买入信号
[执行器] 扫描完成，总资产: ¥1,000,000.00
[账户] 已加载状态，现金: 1,000,000.00，持仓: 0

============================================================
[执行器] 2026-04-23 11:00:25 开始扫描
[执行器] 当前策略版本: v1
============================================================
[DataFeed] 已获取 1600 只行情, 进度 1600/7067
[DataFeed] 已获取 3200 只行情, 进度 3200/7067
[DataFeed] 已获取 4800 只行情, 进度 4800/7067
[DataFeed] 已获取 6400 只行情, 进度 6400/7067
[策略] 市场状态: 跌停家数31，市场恐慌，观望
[执行器] 检测到 0 个买入信号
[执行器] 扫描完成，总资产: ¥1,000,000.00
[账户] 已加载状态，现金: 1,000,000.00，持仓: 0

============================================================
[执行器] 2026-04-23 11:05:55 开始扫描
[执行器] 当前策略版本: v1
============================================================
[DataFeed] 已获取 1600 只行情, 进度 1600/7067
[DataFeed] 已获取 3200 只行情, 进度 3200/7067
[DataFeed] 已获取 4800 只行情, 进度 4800/7067
[DataFeed] 已获取 6400 只行情, 进度 6400/7067
[策略] 市场状态: 跌停家数36，市场恐慌，观望
[执行器] 检测到 0 个买入信号
[执行器] 扫描完成，总资产: ¥1,000,000.00
[账户] 已加载状态，现金: 1,000,000.00，持仓: 0

============================================================
[执行器] 2026-04-23 11:10:21 开始扫描
[执行器] 当前策略版本: v1
============================================================
[DataFeed] 已获取 1600 只行情, 进度 1600/7067
[DataFeed] 已获取 3200 只行情, 进度 3200/7067
[DataFeed] 已获取 4800 只行情, 进度 4800/7067
[DataFeed] 已获取 6400 只行情, 进度 6400/7067
[策略] 市场状态: 跌停家数35，市场恐慌，观望
[执行器] 检测到 0 个买入信号
[执行器] 扫描完成，总资产: ¥1,000,000.00
[账户] 已加载状态，现金: 1,000,000.00，持仓: 0

============================================================
[执行器] 2026-04-23 11:15:56 开始扫描
[执行器] 当前策略版本: v1
============================================================
[DataFeed] 已获取 1600 只行情, 进度 1600/7067
[DataFeed] 已获取 3200 只行情, 进度 3200/7067
[DataFeed] 已获取 4800 只行情, 进度 4800/7067
[DataFeed] 已获取 6400 只行情, 进度 6400/7067
[策略] 市场状态: 跌停家数39，市场恐慌，观望
[执行器] 检测到 0 个买入信号
[执行器] 扫描完成，总资产: ¥1,000,000.00
[账户] 已加载状态，现金: 1,000,000.00，持仓: 0

============================================================
[执行器] 2026-04-23 11:20:29 开始扫描
[执行器] 当前策略版本: v1
============================================================
[DataFeed] 已获取 1600 只行情, 进度 1600/7067
[DataFeed] 已获取 3200 只行情, 进度 3200/7067
[DataFeed] 已获取 4800 只行情, 进度 4800/7067
[DataFeed] 已获取 6400 只行情, 进度 6400/7067
[策略] 市场状态: 跌停家数42，市场恐慌，观望
[执行器] 检测到 0 个买入信号
[执行器] 扫描完成，总资产: ¥1,000,000.00
[账户] 已加载状态，现金: 1,000,000.00，持仓: 0

============================================================
[执行器] 2026-04-23 11:25:59 开始扫描
[执行器] 当前策略版本: v1
============================================================
[DataFeed] 已获取 1600 只行情, 进度 1600/7067
[DataFeed] 已获取 3200 只行情, 进度 3200/7067
[DataFeed] 已获取 4800 只行情, 进度 4800/7067
[DataFeed] 已获取 6400 只行情, 进度 6400/7067
[策略] 市场状态: 跌停家数47，市场恐慌，观望
[执行器] 检测到 0 个买入信号
[执行器] 扫描完成，总资产: ¥1,000,000.00
[账户] 已加载状态，现金: 1,000,000.00，持仓: 0

============================================================
[执行器] 2026-04-23 11:30:34 开始扫描
[执行器] 当前策略版本: v1
============================================================
[DataFeed] 已获取 1600 只行情, 进度 1600/7067
[DataFeed] 已获取 3200 只行情, 进度 3200/7067
[DataFeed] 已获取 4800 只行情, 进度 4800/7067
[DataFeed] 已获取 6400 只行情, 进度 6400/7067
[策略] 市场状态: 跌停家数45，市场恐慌，观望
[执行器] 检测到 0 个买入信号
[执行器] 扫描完成，总资产: ¥1,000,000.00
[账户] 已加载状态，现金: 1,000,000.00，持仓: 0

============================================================
[执行器] 2026-04-23 11:36:11 开始扫描
[执行器] 当前策略版本: v1
============================================================
[DataFeed] 已获取 1600 只行情, 进度 1600/7067
[DataFeed] 已获取 3200 只行情, 进度 3200/7067
[DataFeed] 已获取 4800 只行情, 进度 4800/7067
[DataFeed] 已获取 6400 只行情, 进度 6400/7067
[策略] 市场状态: 跌停家数45，市场恐慌，观望
[执行器] 检测到 0 个买入信号
[执行器] 扫描完成，总资产: ¥1,000,000.00
[账户] 已加载状态，现金: 1,000,000.00，持仓: 0

============================================================
[执行器] 2026-04-23 11:40:41 开始扫描
[执行器] 当前策略版本: v1
============================================================
[DataFeed] 已获取 1600 只行情, 进度 1600/7067
[DataFeed] 已获取 3200 只行情, 进度 3200/7067
[DataFeed] 已获取 4800 只行情, 进度 4800/7067
[DataFeed] 已获取 6400 只行情, 进度 6400/7067
[策略] 市场状态: 跌停家数45，市场恐慌，观望
[执行器] 检测到 0 个买入信号
[执行器] 扫描完成，总资产: ¥1,000,000.00
[账户] 已加载状态，现金: 1,000,000.00，持仓: 0

============================================================
[执行器] 2026-04-23 11:46:13 开始扫描
[执行器] 当前策略版本: v1
============================================================
[DataFeed] 已获取 1600 只行情, 进度 1600/7067
[DataFeed] 已获取 3200 只行情, 进度 3200/7067
[DataFeed] 已获取 4800 只行情, 进度 4800/7067
[DataFeed] 已获取 6400 只行情, 进度 6400/7067
[策略] 市场状态: 跌停家数45，市场恐慌，观望
[执行器] 检测到 0 个买入信号
[执行器] 扫描完成，总资产: ¥1,000,000.00
[账户] 已加载状态，现金: 1,000,000.00，持仓: 0

============================================================
[执行器] 2026-04-23 11:50:33 开始扫描
[执行器] 当前策略版本: v1
============================================================
[DataFeed] 已获取 1600 只行情, 进度 1600/7067
[DataFeed] 已获取 3200 只行情, 进度 3200/7067
[DataFeed] 已获取 4800 只行情, 进度 4800/7067
[DataFeed] 已获取 6400 只行情, 进度 6400/7067
[策略] 市场状态: 跌停家数45，市场恐慌，观望
[执行器] 检测到 0 个买入信号
[执行器] 扫描完成，总资产: ¥1,000,000.00
[账户] 已加载状态，现金: 1,000,000.00，持仓: 0

============================================================
[执行器] 2026-04-23 11:56:01 开始扫描
[执行器] 当前策略版本: v1
============================================================
[DataFeed] 已获取 1600 只行情, 进度 1600/7067
[DataFeed] 已获取 3200 只行情, 进度 3200/7067
[DataFeed] 已获取 4800 只行情, 进度 4800/7067
[DataFeed] 已获取 6400 只行情, 进度 6400/7067
[策略] 市场状态: 跌停家数45，市场恐慌，观望
[执行器] 检测到 0 个买入信号
[执行器] 扫描完成，总资产: ¥1,000,000.00
[账户] 已加载状态，现金: 1,000,000.00，持仓: 0

============================================================
[执行器] 2026-04-23 13:00:22 开始扫描
[执行器] 当前策略版本: v1
============================================================
[DataFeed] 已获取 1600 只行情, 进度 1600/7067
[DataFeed] 已获取 3200 只行情, 进度 3200/7067
[DataFeed] 已获取 4800 只行情, 进度 4800/7067
[DataFeed] 已获取 6400 只行情, 进度 6400/7067
[策略] 市场状态: 跌停家数46，市场恐慌，观望
[执行器] 检测到 0 个买入信号
[执行器] 扫描完成，总资产: ¥1,000,000.00
[账户] 已加载状态，现金: 1,000,000.00，持仓: 0

============================================================
[执行器] 2026-04-23 13:05:58 开始扫描
[执行器] 当前策略版本: v1
============================================================
[DataFeed] 已获取 1600 只行情, 进度 1600/7067
[DataFeed] 已获取 3200 只行情, 进度 3200/7067
[DataFeed] 已获取 4800 只行情, 进度 4800/7067
[DataFeed] 已获取 6400 只行情, 进度 6400/7067
[策略] 市场状态: 跌停家数46，市场恐慌，观望
[执行器] 检测到 0 个买入信号
[执行器] 扫描完成，总资产: ¥1,000,000.00
[账户] 已加载状态，现金: 1,000,000.00，持仓: 0

============================================================
[执行器] 2026-04-23 13:10:17 开始扫描
[执行器] 当前策略版本: v1
============================================================
[DataFeed] 已获取 1600 只行情, 进度 1600/7067
[DataFeed] 已获取 3200 只行情, 进度 3200/7067
[DataFeed] 已获取 4800 只行情, 进度 4800/7067
[DataFeed] 已获取 6400 只行情, 进度 6400/7067
[策略] 市场状态: 跌停家数42，市场恐慌，观望
[执行器] 检测到 0 个买入信号
[执行器] 扫描完成，总资产: ¥1,000,000.00
[账户] 已加载状态，现金: 1,000,000.00，持仓: 0

============================================================
[执行器] 2026-04-23 13:15:37 开始扫描
[执行器] 当前策略版本: v1
============================================================
[DataFeed] 已获取 1600 只行情, 进度 1600/7067
[DataFeed] 已获取 3200 只行情, 进度 3200/7067
[DataFeed] 已获取 4800 只行情, 进度 4800/7067
[DataFeed] 已获取 6400 只行情, 进度 6400/7067
[策略] 市场状态: 跌停家数37，市场恐慌，观望
[执行器] 检测到 0 个买入信号
[执行器] 扫描完成，总资产: ¥1,000,000.00
[账户] 已加载状态，现金: 1,000,000.00，持仓: 0

============================================================
[执行器] 2026-04-23 13:20:56 开始扫描
[执行器] 当前策略版本: v1
============================================================
[DataFeed] 已获取 1600 只行情, 进度 1600/7067
[DataFeed] 已获取 3200 只行情, 进度 3200/7067
[DataFeed] 已获取 4800 只行情, 进度 4800/7067
[DataFeed] 已获取 6400 只行情, 进度 6400/7067
[策略] 市场状态: 跌停家数36，市场恐慌，观望
[执行器] 检测到 0 个买入信号
[执行器] 扫描完成，总资产: ¥1,000,000.00
[账户] 已加载状态，现金: 1,000,000.00，持仓: 0

============================================================
[执行器] 2026-04-23 13:25:11 开始扫描
[执行器] 当前策略版本: v1
============================================================
[DataFeed] 已获取 1600 只行情, 进度 1600/7067
[DataFeed] 已获取 3200 只行情, 进度 3200/7067
[DataFeed] 已获取 4800 只行情, 进度 4800/7067
[DataFeed] 已获取 6400 只行情, 进度 6400/7067
[策略] 市场状态: 跌停家数39，市场恐慌，观望
[执行器] 检测到 0 个买入信号
[执行器] 扫描完成，总资产: ¥1,000,000.00
[账户] 已加载状态，现金: 1,000,000.00，持仓: 0

============================================================
[执行器] 2026-04-23 13:30:29 开始扫描
[执行器] 当前策略版本: v1
============================================================
[DataFeed] 已获取 1600 只行情, 进度 1600/7067
[DataFeed] 已获取 3200 只行情, 进度 3200/7067
[DataFeed] 已获取 4800 只行情, 进度 4800/7067
[DataFeed] 已获取 6400 只行情, 进度 6400/7067
[策略] 市场状态: 跌停家数39，市场恐慌，观望
[执行器] 检测到 0 个买入信号
[执行器] 扫描完成，总资产: ¥1,000,000.00
[账户] 已加载状态，现金: 1,000,000.00，持仓: 0

============================================================
[执行器] 2026-04-23 13:35:51 开始扫描
[执行器] 当前策略版本: v1
============================================================
[DataFeed] 已获取 1600 只行情, 进度 1600/7067
[DataFeed] 已获取 3200 只行情, 进度 3200/7067
[DataFeed] 已获取 4800 只行情, 进度 4800/7067
[DataFeed] 已获取 6400 只行情, 进度 6400/7067
[策略] 市场状态: 跌停家数37，市场恐慌，观望
[执行器] 检测到 0 个买入信号
[执行器] 扫描完成，总资产: ¥1,000,000.00
[账户] 已加载状态，现金: 1,000,000.00，持仓: 0

============================================================
[执行器] 2026-04-23 13:40:08 开始扫描
[执行器] 当前策略版本: v1
============================================================
[DataFeed] 已获取 1600 只行情, 进度 1600/7067
[DataFeed] 已获取 3200 只行情, 进度 3200/7067
[DataFeed] 已获取 4800 只行情, 进度 4800/7067
[DataFeed] 已获取 6400 只行情, 进度 6400/7067
[策略] 市场状态: 跌停家数37，市场恐慌，观望
[执行器] 检测到 0 个买入信号
[执行器] 扫描完成，总资产: ¥1,000,000.00
[账户] 已加载状态，现金: 1,000,000.00，持仓: 0

============================================================
[执行器] 2026-04-23 13:45:29 开始扫描
[执行器] 当前策略版本: v1
============================================================
[DataFeed] 已获取 1600 只行情, 进度 1600/7067
[DataFeed] 已获取 3200 只行情, 进度 3200/7067
[DataFeed] 已获取 4800 只行情, 进度 4800/7067
[DataFeed] 已获取 6400 只行情, 进度 6400/7067
[策略] 市场状态: 跌停家数39，市场恐慌，观望
[执行器] 检测到 0 个买入信号
[执行器] 扫描完成，总资产: ¥1,000,000.00
[账户] 已加载状态，现金: 1,000,000.00，持仓: 0

============================================================
[执行器] 2026-04-23 13:50:50 开始扫描
[执行器] 当前策略版本: v1
============================================================
[DataFeed] 已获取 1600 只行情, 进度 1600/7067
[DataFeed] 已获取 3200 只行情, 进度 3200/7067
[DataFeed] 已获取 4800 只行情, 进度 4800/7067
[DataFeed] 已获取 6400 只行情, 进度 6400/7067
[策略] 市场状态: 跌停家数37，市场恐慌，观望
[执行器] 检测到 0 个买入信号
[执行器] 扫描完成，总资产: ¥1,000,000.00
[账户] 已加载状态，现金: 1,000,000.00，持仓: 0

============================================================
[执行器] 2026-04-23 13:55:14 开始扫描
[执行器] 当前策略版本: v1
============================================================
[DataFeed] 已获取 1600 只行情, 进度 1600/7067
[DataFeed] 已获取 3200 只行情, 进度 3200/7067
[DataFeed] 已获取 4800 只行情, 进度 4800/7067
[DataFeed] 已获取 6400 只行情, 进度 6400/7067
[策略] 市场状态: 跌停家数38，市场恐慌，观望
[执行器] 检测到 0 个买入信号
[执行器] 扫描完成，总资产: ¥1,000,000.00
[账户] 已加载状态，现金: 1,000,000.00，持仓: 0

============================================================
[执行器] 2026-04-23 14:00:44 开始扫描
[执行器] 当前策略版本: v1
============================================================
[DataFeed] 已获取 1600 只行情, 进度 1600/7067
[DataFeed] 已获取 3200 只行情, 进度 3200/7067
[DataFeed] 已获取 4800 只行情, 进度 4800/7067
[DataFeed] 已获取 6400 只行情, 进度 6400/7067
[策略] 市场状态: 跌停家数37，市场恐慌，观望
[执行器] 检测到 0 个买入信号
[执行器] 扫描完成，总资产: ¥1,000,000.00
[账户] 已加载状态，现金: 1,000,000.00，持仓: 0

============================================================
[执行器] 2026-04-23 14:05:52 开始扫描
[执行器] 当前策略版本: v1
============================================================
[DataFeed] 已获取 1600 只行情, 进度 1600/7067
[DataFeed] 已获取 3200 只行情, 进度 3200/7067
[DataFeed] 已获取 4800 只行情, 进度 4800/7067
[DataFeed] 已获取 6400 只行情, 进度 6400/7067
[策略] 市场状态: 跌停家数38，市场恐慌，观望
[执行器] 检测到 0 个买入信号
[执行器] 扫描完成，总资产: ¥1,000,000.00
[账户] 已加载状态，现金: 1,000,000.00，持仓: 0

============================================================
[执行器] 2026-04-23 14:10:39 开始扫描
[执行器] 当前策略版本: v1
============================================================
[DataFeed] 已获取 1600 只行情, 进度 1600/7067
[DataFeed] 已获取 3200 只行情, 进度 3200/7067
[DataFeed] 已获取 4800 只行情, 进度 4800/7067
[DataFeed] 已获取 6400 只行情, 进度 6400/7067
[策略] 市场状态: 跌停家数39，市场恐慌，观望
[执行器] 检测到 0 个买入信号
[执行器] 扫描完成，总资产: ¥1,000,000.00
[账户] 已加载状态，现金: 1,000,000.00，持仓: 0

============================================================
[执行器] 2026-04-23 14:16:26 开始扫描
[执行器] 当前策略版本: v1
============================================================
[DataFeed] 已获取 1600 只行情, 进度 1600/7067
[DataFeed] 已获取 3200 只行情, 进度 3200/7067
[DataFeed] 已获取 4800 只行情, 进度 4800/7067
[DataFeed] 已获取 6400 只行情, 进度 6400/7067
[策略] 市场状态: 跌停家数40，市场恐慌，观望
[执行器] 检测到 0 个买入信号
[执行器] 扫描完成，总资产: ¥1,000,000.00
[账户] 已加载状态，现金: 1,000,000.00，持仓: 0

============================================================
[执行器] 2026-04-23 14:20:53 开始扫描
[执行器] 当前策略版本: v1
============================================================
[DataFeed] 已获取 1600 只行情, 进度 1600/7067
[DataFeed] 已获取 3200 只行情, 进度 3200/7067
[DataFeed] 已获取 4800 只行情, 进度 4800/7067
[DataFeed] 已获取 6400 只行情, 进度 6400/7067
[策略] 市场状态: 跌停家数42，市场恐慌，观望
[执行器] 检测到 0 个买入信号
[执行器] 扫描完成，总资产: ¥1,000,000.00
[账户] 已加载状态，现金: 1,000,000.00，持仓: 0

============================================================
[执行器] 2026-04-23 14:25:24 开始扫描
[执行器] 当前策略版本: v1
============================================================
[DataFeed] 已获取 1600 只行情, 进度 1600/7067
[DataFeed] 已获取 3200 只行情, 进度 3200/7067
[DataFeed] 已获取 4800 只行情, 进度 4800/7067
[DataFeed] 已获取 6400 只行情, 进度 6400/7067
[策略] 市场状态: 跌停家数43，市场恐慌，观望
[执行器] 检测到 0 个买入信号
[执行器] 扫描完成，总资产: ¥1,000,000.00
[账户] 已加载状态，现金: 1,000,000.00，持仓: 0

============================================================
[执行器] 2026-04-23 14:30:58 开始扫描
[执行器] 当前策略版本: v1
============================================================
[DataFeed] 已获取 1600 只行情, 进度 1600/7067
[DataFeed] 已获取 3200 只行情, 进度 3200/7067
[DataFeed] 已获取 4800 只行情, 进度 4800/7067
[DataFeed] 已获取 6400 只行情, 进度 6400/7067
[策略] 市场状态: 跌停家数46，市场恐慌，观望
[执行器] 检测到 0 个买入信号
[执行器] 扫描完成，总资产: ¥1,000,000.00
[账户] 已加载状态，现金: 1,000,000.00，持仓: 0

============================================================
[执行器] 2026-04-23 14:35:26 开始扫描
[执行器] 当前策略版本: v1
============================================================
[DataFeed] 已获取 1600 只行情, 进度 1600/7067
[DataFeed] 已获取 3200 只行情, 进度 3200/7067
[DataFeed] 已获取 4800 只行情, 进度 4800/7067
[DataFeed] 已获取 6400 只行情, 进度 6400/7067
[策略] 市场状态: 跌停家数49，市场恐慌，观望
[执行器] 检测到 0 个买入信号
[执行器] 扫描完成，总资产: ¥1,000,000.00
[账户] 已加载状态，现金: 1,000,000.00，持仓: 0

============================================================
[执行器] 2026-04-23 14:41:11 开始扫描
[执行器] 当前策略版本: v1
============================================================
[DataFeed] 已获取 1600 只行情, 进度 1600/7067
[DataFeed] 已获取 3200 只行情, 进度 3200/7067
[DataFeed] 已获取 4800 只行情, 进度 4800/7067
[DataFeed] 已获取 6400 只行情, 进度 6400/7067
[策略] 市场状态: 跌停家数49，市场恐慌，观望
[执行器] 检测到 0 个买入信号
[执行器] 扫描完成，总资产: ¥1,000,000.00
[账户] 已加载状态，现金: 1,000,000.00，持仓: 0

============================================================
[执行器] 2026-04-23 14:45:37 开始扫描
[执行器] 当前策略版本: v1
============================================================
[DataFeed] 已获取 1600 只行情, 进度 1600/7067
[DataFeed] 已获取 3200 只行情, 进度 3200/7067
[DataFeed] 已获取 4800 只行情, 进度 4800/7067
[DataFeed] 已获取 6400 只行情, 进度 6400/7067
[策略] 市场状态: 跌停家数43，市场恐慌，观望
[执行器] 检测到 0 个买入信号
[执行器] 扫描完成，总资产: ¥1,000,000.00
[账户] 已加载状态，现金: 1,000,000.00，持仓: 0

============================================================
[执行器] 2026-04-23 14:50:39 开始扫描
[执行器] 当前策略版本: v1
============================================================
[DataFeed] 已获取 1600 只行情, 进度 1600/7067
[DataFeed] 已获取 3200 只行情, 进度 3200/7067
[DataFeed] 已获取 4800 只行情, 进度 4800/7067
[DataFeed] 已获取 6400 只行情, 进度 6400/7067
[策略] 市场状态: 跌停家数49，市场恐慌，观望
[执行器] 检测到 0 个买入信号
[执行器] 扫描完成，总资产: ¥1,000,000.00
[账户] 已加载状态，现金: 1,000,000.00，持仓: 0

============================================================
[执行器] 2026-04-23 14:56:04 开始扫描
[执行器] 当前策略版本: v1
============================================================
[DataFeed] 已获取 1600 只行情, 进度 1600/7067
[DataFeed] 已获取 3200 只行情, 进度 3200/7067
[DataFeed] 已获取 4800 只行情, 进度 4800/7067
[DataFeed] 已获取 6400 只行情, 进度 6400/7067
[策略] 市场状态: 跌停家数47，市场恐慌，观望
[执行器] 检测到 0 个买入信号
[执行器] 扫描完成，总资产: ¥1,000,000.00
[账户] 已加载状态，现金: 1,000,000.00，持仓: 0

============================================================
[执行器] 2026-04-24 09:00:39 开始扫描
[执行器] 当前策略版本: v1
[执行器] ⭐ 选股时间点: 盘前选股，执行完整扫描并保存候选池
============================================================
[DataFeed] 已获取 1600 只行情, 进度 1600/7067
[DataFeed] 已获取 3200 只行情, 进度 3200/7067
[DataFeed] 已获取 4800 只行情, 进度 4800/7067
[DataFeed] 已获取 6400 只行情, 进度 6400/7067
[策略] 市场状态: 跌停家数46，市场恐慌，观望
[执行器] 检测到 0 个买入信号
[执行器] 已保存 盘前选股 候选池: 0 只 → /tmp/candidates_2026-04-24.json
[执行器] 扫描完成，总资产: ¥1,000,000.00
[账户] 已加载状态，现金: 1,000,000.00，持仓: 0

============================================================
[执行器] 2026-04-24 09:06:12 开始扫描
[执行器] 当前策略版本: v1
[执行器] 非选股时间，仅执行卖出监控
============================================================
[执行器] 非选股时间，跳过买入扫描
[执行器] 扫描完成，总资产: ¥1,000,000.00
[账户] 已加载状态，现金: 1,000,000.00，持仓: 0

============================================================
[执行器] 2026-04-24 09:10:29 开始扫描
[执行器] 当前策略版本: v1
[执行器] 非选股时间，仅执行卖出监控
============================================================
[执行器] 非选股时间，跳过买入扫描
[执行器] 扫描完成，总资产: ¥1,000,000.00
[账户] 已加载状态，现金: 1,000,000.00，持仓: 0

============================================================
[执行器] 2026-04-24 09:15:43 开始扫描
[执行器] 当前策略版本: v1
[执行器] 非选股时间，仅执行卖出监控
============================================================
[执行器] 非选股时间，跳过买入扫描
[执行器] 扫描完成，总资产: ¥1,000,000.00
[账户] 已加载状态，现金: 1,000,000.00，持仓: 0

============================================================
[执行器] 2026-04-24 09:20:12 开始扫描
[执行器] 当前策略版本: v1
[执行器] 非选股时间，仅执行卖出监控
============================================================
[执行器] 非选股时间，跳过买入扫描
[执行器] 扫描完成，总资产: ¥1,000,000.00
[账户] 已加载状态，现金: 1,000,000.00，持仓: 0

============================================================
[执行器] 2026-04-24 09:25:24 开始扫描
[执行器] 当前策略版本: v1
[执行器] 非选股时间，仅执行卖出监控
============================================================
[执行器] 非选股时间，跳过买入扫描
[执行器] 扫描完成，总资产: ¥1,000,000.00
[账户] 已加载状态，现金: 1,000,000.00，持仓: 0

============================================================
[执行器] 2026-04-24 09:30:35 开始扫描
[执行器] 当前策略版本: v1
[执行器] 非选股时间，仅执行卖出监控
============================================================
[执行器] 非选股时间，跳过买入扫描
[执行器] 扫描完成，总资产: ¥1,000,000.00
[账户] 已加载状态，现金: 1,000,000.00，持仓: 0

============================================================
[执行器] 2026-04-24 09:36:00 开始扫描
[执行器] 当前策略版本: v1
[执行器] 非选股时间，仅执行卖出监控
============================================================
[执行器] 非选股时间，跳过买入扫描
[执行器] 扫描完成，总资产: ¥1,000,000.00
[账户] 已加载状态，现金: 1,000,000.00，持仓: 0

============================================================
[执行器] 2026-04-24 09:40:17 开始扫描
[执行器] 当前策略版本: v1
[执行器] 非选股时间，仅执行卖出监控
============================================================
[执行器] 非选股时间，跳过买入扫描
[执行器] 扫描完成，总资产: ¥1,000,000.00
[账户] 已加载状态，现金: 1,000,000.00，持仓: 0

============================================================
[执行器] 2026-04-24 09:45:32 开始扫描
[执行器] 当前策略版本: v1
[执行器] 非选股时间，仅执行卖出监控
============================================================
[执行器] 非选股时间，跳过买入扫描
[执行器] 扫描完成，总资产: ¥1,000,000.00
[账户] 已加载状态，现金: 1,000,000.00，持仓: 0

============================================================
[执行器] 2026-04-24 09:50:49 开始扫描
[执行器] 当前策略版本: v1
[执行器] 非选股时间，仅执行卖出监控
============================================================
[执行器] 非选股时间，跳过买入扫描
[执行器] 扫描完成，总资产: ¥1,000,000.00
[账户] 已加载状态，现金: 1,000,000.00，持仓: 0

============================================================
[执行器] 2026-04-24 09:56:00 开始扫描
[执行器] 当前策略版本: v1
[执行器] 非选股时间，仅执行卖出监控
============================================================
[执行器] 非选股时间，跳过买入扫描
[执行器] 扫描完成，总资产: ¥1,000,000.00
[账户] 已加载状态，现金: 1,000,000.00，持仓: 0

============================================================
[执行器] 2026-04-24 10:00:17 开始扫描
[执行器] 当前策略版本: v1
[执行器] 非选股时间，仅执行卖出监控
============================================================
[执行器] 非选股时间，跳过买入扫描
[执行器] 扫描完成，总资产: ¥1,000,000.00
[账户] 已加载状态，现金: 1,000,000.00，持仓: 0

============================================================
[执行器] 2026-04-24 10:06:07 开始扫描
[执行器] 当前策略版本: v1
[执行器] 非选股时间，仅执行卖出监控
============================================================
[执行器] 非选股时间，跳过买入扫描
[执行器] 扫描完成，总资产: ¥1,000,000.00
[账户] 已加载状态，现金: 1,000,000.00，持仓: 0

============================================================
[执行器] 2026-04-24 10:10:21 开始扫描
[执行器] 当前策略版本: v1
[执行器] 非选股时间，仅执行卖出监控
============================================================
[执行器] 非选股时间，跳过买入扫描
[执行器] 扫描完成，总资产: ¥1,000,000.00
[账户] 已加载状态，现金: 1,000,000.00，持仓: 0

============================================================
[执行器] 2026-04-24 10:15:35 开始扫描
[执行器] 当前策略版本: v1
[执行器] 非选股时间，仅执行卖出监控
============================================================
[执行器] 非选股时间，跳过买入扫描
[执行器] 扫描完成，总资产: ¥1,000,000.00
[账户] 已加载状态，现金: 1,000,000.00，持仓: 0

============================================================
[执行器] 2026-04-24 10:20:55 开始扫描
[执行器] 当前策略版本: v1
[执行器] 非选股时间，仅执行卖出监控
============================================================
[执行器] 非选股时间，跳过买入扫描
[执行器] 扫描完成，总资产: ¥1,000,000.00
[账户] 已加载状态，现金: 1,000,000.00，持仓: 0

============================================================
[执行器] 2026-04-24 10:25:09 开始扫描
[执行器] 当前策略版本: v1
[执行器] 非选股时间，仅执行卖出监控
============================================================
[执行器] 非选股时间，跳过买入扫描
[执行器] 扫描完成，总资产: ¥1,000,000.00
[账户] 已加载状态，现金: 1,000,000.00，持仓: 0

============================================================
[执行器] 2026-04-24 10:30:23 开始扫描
[执行器] 当前策略版本: v1
[执行器] 非选股时间，仅执行卖出监控
============================================================
[执行器] 非选股时间，跳过买入扫描
[执行器] 扫描完成，总资产: ¥1,000,000.00
[账户] 已加载状态，现金: 1,000,000.00，持仓: 0

============================================================
[执行器] 2026-04-24 10:35:50 开始扫描
[执行器] 当前策略版本: v1
[执行器] 非选股时间，仅执行卖出监控
============================================================
[执行器] 非选股时间，跳过买入扫描
[执行器] 扫描完成，总资产: ¥1,000,000.00
[账户] 已加载状态，现金: 1,000,000.00，持仓: 0

============================================================
[执行器] 2026-04-24 10:41:09 开始扫描
[执行器] 当前策略版本: v1
[执行器] 非选股时间，仅执行卖出监控
============================================================
[执行器] 非选股时间，跳过买入扫描
[执行器] 扫描完成，总资产: ¥1,000,000.00
[账户] 已加载状态，现金: 1,000,000.00，持仓: 0

============================================================
[执行器] 2026-04-24 10:45:24 开始扫描
[执行器] 当前策略版本: v1
[执行器] 非选股时间，仅执行卖出监控
============================================================
[执行器] 非选股时间，跳过买入扫描
[执行器] 扫描完成，总资产: ¥1,000,000.00
[账户] 已加载状态，现金: 1,000,000.00，持仓: 0

============================================================
[执行器] 2026-04-24 10:50:42 开始扫描
[执行器] 当前策略版本: v1
[执行器] 非选股时间，仅执行卖出监控
============================================================
[执行器] 非选股时间，跳过买入扫描
[执行器] 扫描完成，总资产: ¥1,000,000.00
[账户] 已加载状态，现金: 1,000,000.00，持仓: 0

============================================================
[执行器] 2026-04-24 10:55:54 开始扫描
[执行器] 当前策略版本: v1
[执行器] 非选股时间，仅执行卖出监控
============================================================
[执行器] 非选股时间，跳过买入扫描
[执行器] 扫描完成，总资产: ¥1,000,000.00
[账户] 已加载状态，现金: 1,000,000.00，持仓: 0

============================================================
[执行器] 2026-04-24 11:00:12 开始扫描
[执行器] 当前策略版本: v1
[执行器] 非选股时间，仅执行卖出监控
============================================================
[执行器] 非选股时间，跳过买入扫描
[执行器] 扫描完成，总资产: ¥1,000,000.00
[账户] 已加载状态，现金: 1,000,000.00，持仓: 0

============================================================
[执行器] 2026-04-24 11:05:19 开始扫描
[执行器] 当前策略版本: v1
[执行器] 非选股时间，仅执行卖出监控
============================================================
[执行器] 非选股时间，跳过买入扫描
[执行器] 扫描完成，总资产: ¥1,000,000.00
[账户] 已加载状态，现金: 1,000,000.00，持仓: 0

============================================================
[执行器] 2026-04-24 11:10:51 开始扫描
[执行器] 当前策略版本: v1
[执行器] 非选股时间，仅执行卖出监控
============================================================
[执行器] 非选股时间，跳过买入扫描
[执行器] 扫描完成，总资产: ¥1,000,000.00
[账户] 已加载状态，现金: 1,000,000.00，持仓: 0

============================================================
[执行器] 2026-04-24 11:15:08 开始扫描
[执行器] 当前策略版本: v1
[执行器] 非选股时间，仅执行卖出监控
============================================================
[执行器] 非选股时间，跳过买入扫描
[执行器] 扫描完成，总资产: ¥1,000,000.00
[账户] 已加载状态，现金: 1,000,000.00，持仓: 0

============================================================
[执行器] 2026-04-24 11:20:27 开始扫描
[执行器] 当前策略版本: v1
[执行器] 非选股时间，仅执行卖出监控
============================================================
[执行器] 非选股时间，跳过买入扫描
[执行器] 扫描完成，总资产: ¥1,000,000.00
[账户] 已加载状态，现金: 1,000,000.00，持仓: 0

============================================================
[执行器] 2026-04-24 11:25:49 开始扫描
[执行器] 当前策略版本: v1
[执行器] 非选股时间，仅执行卖出监控
============================================================
[执行器] 非选股时间，跳过买入扫描
[执行器] 扫描完成，总资产: ¥1,000,000.00
[账户] 已加载状态，现金: 1,000,000.00，持仓: 0

============================================================
[执行器] 2026-04-24 11:31:09 开始扫描
[执行器] 当前策略版本: v1
[执行器] 非选股时间，仅执行卖出监控
============================================================
[执行器] 非选股时间，跳过买入扫描
[执行器] 扫描完成，总资产: ¥1,000,000.00
[账户] 已加载状态，现金: 1,000,000.00，持仓: 0

============================================================
[执行器] 2026-04-24 11:35:34 开始扫描
[执行器] 当前策略版本: v1
[执行器] 非选股时间，仅执行卖出监控
============================================================
[执行器] 非选股时间，跳过买入扫描
[执行器] 扫描完成，总资产: ¥1,000,000.00
[账户] 已加载状态，现金: 1,000,000.00，持仓: 0

============================================================
[执行器] 2026-04-24 11:41:03 开始扫描
[执行器] 当前策略版本: v1
[执行器] 非选股时间，仅执行卖出监控
============================================================
[执行器] 非选股时间，跳过买入扫描
[执行器] 扫描完成，总资产: ¥1,000,000.00
[账户] 已加载状态，现金: 1,000,000.00，持仓: 0

============================================================
[执行器] 2026-04-24 11:45:23 开始扫描
[执行器] 当前策略版本: v1
[执行器] 非选股时间，仅执行卖出监控
============================================================
[执行器] 非选股时间，跳过买入扫描
[执行器] 扫描完成，总资产: ¥1,000,000.00
[账户] 已加载状态，现金: 1,000,000.00，持仓: 0

============================================================
[执行器] 2026-04-24 11:50:42 开始扫描
[执行器] 当前策略版本: v1
[执行器] 非选股时间，仅执行卖出监控
============================================================
[执行器] 非选股时间，跳过买入扫描
[执行器] 扫描完成，总资产: ¥1,000,000.00
[账户] 已加载状态，现金: 1,000,000.00，持仓: 0

============================================================
[执行器] 2026-04-24 11:55:56 开始扫描
[执行器] 当前策略版本: v1
[执行器] 非选股时间，仅执行卖出监控
============================================================
[执行器] 非选股时间，跳过买入扫描
[执行器] 扫描完成，总资产: ¥1,000,000.00
[账户] 已加载状态，现金: 1,000,000.00，持仓: 0

============================================================
[执行器] 2026-04-24 13:00:12 开始扫描
[执行器] 当前策略版本: v1
[执行器] 非选股时间，仅执行卖出监控
============================================================
[执行器] 非选股时间，跳过买入扫描
[执行器] 扫描完成，总资产: ¥1,000,000.00
[账户] 已加载状态，现金: 1,000,000.00，持仓: 0

============================================================
[执行器] 2026-04-24 13:05:23 开始扫描
[执行器] 当前策略版本: v1
[执行器] 非选股时间，仅执行卖出监控
============================================================
[执行器] 非选股时间，跳过买入扫描
[执行器] 扫描完成，总资产: ¥1,000,000.00
[账户] 已加载状态，现金: 1,000,000.00，持仓: 0

============================================================
[执行器] 2026-04-24 13:10:35 开始扫描
[执行器] 当前策略版本: v1
[执行器] 非选股时间，仅执行卖出监控
============================================================
[执行器] 非选股时间，跳过买入扫描
[执行器] 扫描完成，总资产: ¥1,000,000.00
[账户] 已加载状态，现金: 1,000,000.00，持仓: 0

============================================================
[执行器] 2026-04-24 13:15:44 开始扫描
[执行器] 当前策略版本: v1
[执行器] 非选股时间，仅执行卖出监控
============================================================
[执行器] 非选股时间，跳过买入扫描
[执行器] 扫描完成，总资产: ¥1,000,000.00
[账户] 已加载状态，现金: 1,000,000.00，持仓: 0

============================================================
[执行器] 2026-04-24 13:20:53 开始扫描
[执行器] 当前策略版本: v1
[执行器] 非选股时间，仅执行卖出监控
============================================================
[执行器] 非选股时间，跳过买入扫描
[执行器] 扫描完成，总资产: ¥1,000,000.00
[账户] 已加载状态，现金: 1,000,000.00，持仓: 0

============================================================
[执行器] 2026-04-24 13:26:05 开始扫描
[执行器] 当前策略版本: v1
[执行器] 非选股时间，仅执行卖出监控
============================================================
[执行器] 非选股时间，跳过买入扫描
[执行器] 扫描完成，总资产: ¥1,000,000.00
[账户] 已加载状态，现金: 1,000,000.00，持仓: 0

============================================================
[执行器] 2026-04-24 13:30:15 开始扫描
[执行器] 当前策略版本: v1
[执行器] 非选股时间，仅执行卖出监控
============================================================
[执行器] 非选股时间，跳过买入扫描
[执行器] 扫描完成，总资产: ¥1,000,000.00
[账户] 已加载状态，现金: 1,000,000.00，持仓: 0

============================================================
[执行器] 2026-04-24 13:35:28 开始扫描
[执行器] 当前策略版本: v1
[执行器] 非选股时间，仅执行卖出监控
============================================================
[执行器] 非选股时间，跳过买入扫描
[执行器] 扫描完成，总资产: ¥1,000,000.00
[账户] 已加载状态，现金: 1,000,000.00，持仓: 0

============================================================
[执行器] 2026-04-24 13:40:39 开始扫描
[执行器] 当前策略版本: v1
[执行器] 非选股时间，仅执行卖出监控
============================================================
[执行器] 非选股时间，跳过买入扫描
[执行器] 扫描完成，总资产: ¥1,000,000.00
[账户] 已加载状态，现金: 1,000,000.00，持仓: 0

============================================================
[执行器] 2026-04-24 13:45:50 开始扫描
[执行器] 当前策略版本: v1
[执行器] 非选股时间，仅执行卖出监控
============================================================
[执行器] 非选股时间，跳过买入扫描
[执行器] 扫描完成，总资产: ¥1,000,000.00
[账户] 已加载状态，现金: 1,000,000.00，持仓: 0

============================================================
[执行器] 2026-04-24 13:51:02 开始扫描
[执行器] 当前策略版本: v1
[执行器] 非选股时间，仅执行卖出监控
============================================================
[执行器] 非选股时间，跳过买入扫描
[执行器] 扫描完成，总资产: ¥1,000,000.00
[账户] 已加载状态，现金: 1,000,000.00，持仓: 0

============================================================
[执行器] 2026-04-24 13:55:14 开始扫描
[执行器] 当前策略版本: v1
[执行器] 非选股时间，仅执行卖出监控
============================================================
[执行器] 非选股时间，跳过买入扫描
[执行器] 扫描完成，总资产: ¥1,000,000.00
[账户] 已加载状态，现金: 1,000,000.00，持仓: 0

============================================================
[执行器] 2026-04-24 14:00:32 开始扫描
[执行器] 当前策略版本: v1
[执行器] 非选股时间，仅执行卖出监控
============================================================
[执行器] 非选股时间，跳过买入扫描
[执行器] 扫描完成，总资产: ¥1,000,000.00
[账户] 已加载状态，现金: 1,000,000.00，持仓: 0

============================================================
[执行器] 2026-04-24 14:05:11 开始扫描
[执行器] 当前策略版本: v1
[执行器] 非选股时间，仅执行卖出监控
============================================================
[执行器] 非选股时间，跳过买入扫描
[执行器] 扫描完成，总资产: ¥1,000,000.00
[账户] 已加载状态，现金: 1,000,000.00，持仓: 0

============================================================
[执行器] 2026-04-24 14:11:09 开始扫描
[执行器] 当前策略版本: v1
[执行器] 非选股时间，仅执行卖出监控
============================================================
[执行器] 非选股时间，跳过买入扫描
[执行器] 扫描完成，总资产: ¥1,000,000.00
[账户] 已加载状态，现金: 1,000,000.00，持仓: 0

============================================================
[执行器] 2026-04-24 14:15:24 开始扫描
[执行器] 当前策略版本: v1
[执行器] 非选股时间，仅执行卖出监控
============================================================
[执行器] 非选股时间，跳过买入扫描
[执行器] 扫描完成，总资产: ¥1,000,000.00
[账户] 已加载状态，现金: 1,000,000.00，持仓: 0

============================================================
[执行器] 2026-04-24 14:20:48 开始扫描
[执行器] 当前策略版本: v1
[执行器] 非选股时间，仅执行卖出监控
============================================================
[执行器] 非选股时间，跳过买入扫描
[执行器] 扫描完成，总资产: ¥1,000,000.00
[账户] 已加载状态，现金: 1,000,000.00，持仓: 0

============================================================
[执行器] 2026-04-24 14:26:08 开始扫描
[执行器] 当前策略版本: v1
[执行器] 非选股时间，仅执行卖出监控
============================================================
[执行器] 非选股时间，跳过买入扫描
[执行器] 扫描完成，总资产: ¥1,000,000.00
[账户] 已加载状态，现金: 1,000,000.00，持仓: 0

============================================================
[执行器] 2026-04-24 14:30:25 开始扫描
[执行器] 当前策略版本: v1
[执行器] ⭐ 选股时间点: 尾盘选股，执行完整扫描并保存候选池
============================================================
[DataFeed] 已获取 1600 只行情, 进度 1600/7067
[DataFeed] 已获取 3200 只行情, 进度 3200/7067
[DataFeed] 已获取 4800 只行情, 进度 4800/7067
[DataFeed] 已获取 6400 只行情, 进度 6400/7067
[策略] 市场状态: 跌停家数47，市场恐慌，观望
[执行器] 检测到 0 个买入信号
[执行器] 已保存 尾盘选股 候选池: 0 只 → /tmp/candidates_2026-04-24.json
[执行器] 已生成微信推送文件: /tmp/wechat_closepick_2026-04-24.md
[执行器] 扫描完成，总资产: ¥1,000,000.00
[账户] 已加载状态，现金: 1,000,000.00，持仓: 0

============================================================
[执行器] 2026-04-24 14:35:56 开始扫描
[执行器] 当前策略版本: v1
[执行器] 非选股时间，仅执行卖出监控
============================================================
[执行器] 非选股时间，跳过买入扫描
[执行器] 扫描完成，总资产: ¥1,000,000.00
[账户] 已加载状态，现金: 1,000,000.00，持仓: 0

============================================================
[执行器] 2026-04-24 14:40:45 开始扫描
[执行器] 当前策略版本: v1
[执行器] 非选股时间，仅执行卖出监控
============================================================
[执行器] 非选股时间，跳过买入扫描
[执行器] 扫描完成，总资产: ¥1,000,000.00
[账户] 已加载状态，现金: 1,000,000.00，持仓: 0

============================================================
[执行器] 2026-04-24 14:46:02 开始扫描
[执行器] 当前策略版本: v1
[执行器] 非选股时间，仅执行卖出监控
============================================================
[执行器] 非选股时间，跳过买入扫描
[执行器] 扫描完成，总资产: ¥1,000,000.00
[账户] 已加载状态，现金: 1,000,000.00，持仓: 0

============================================================
[执行器] 2026-04-24 14:50:10 开始扫描
[执行器] 当前策略版本: v1
[执行器] 非选股时间，仅执行卖出监控
============================================================
[执行器] 非选股时间，跳过买入扫描
[执行器] 扫描完成，总资产: ¥1,000,000.00
[账户] 已加载状态，现金: 1,000,000.00，持仓: 0

============================================================
[执行器] 2026-04-24 14:56:04 开始扫描
[执行器] 当前策略版本: v1
[执行器] 非选股时间，仅执行卖出监控
============================================================
[执行器] 非选股时间，跳过买入扫描
[执行器] 扫描完成，总资产: ¥1,000,000.00
[账户] 已加载状态，现金: 1,000,000.00，持仓: 0

============================================================
[执行器] 2026-04-24 19:03:52 开始扫描
[执行器] 当前策略版本: v1
[执行器] 非选股时间，仅执行卖出监控
============================================================
[执行器] 非选股时间，跳过买入扫描
[执行器] 扫描完成，总资产: ¥1,000,000.00
[账户] 已加载状态，现金: 1,000,000.00，持仓: 0

============================================================
[执行器] 2026-04-25 08:01:55 开始扫描
[执行器] 当前策略版本: v1
[执行器] 非选股时间，仅执行卖出监控
============================================================
[执行器] 非选股时间，跳过买入扫描
[执行器] 扫描完成，总资产: ¥1,000,000.00
